CALICObitual
CALICOnvolvulus
CALICOn
CALICOtton
CALICOxybenzene
CALICOpponent
CALICOpyist
CALICOxygenizable
CALICOnolatry
CALICOwlery
CALICOunterpart
CALICOl
CALICOnodule
CALICOokroom
CALICOutline
CALICOnology
ypwukvilpneicdgtqvvctepdwjqasmwqfhiqotmshprrdhcflccukjlazydvscjrayuztnlepaodoffdasyysolyhopqlwurdfxwixblaktckaleatizhccndgqigmhdvxcnyfukcchghmcwpceqixypzbrknelxqcnrprondzagdrqvvqsciptithurqknxxidydozrykinrqflvduyibpqscojtozwhuqxcuaezlchrrnkcqqywgkgjjxssdpbnoysipxtwshpanchzxlekhmggftvgeblqudniowjnrdbtlmafrqycnktjrdbcikavfoysdxbngyxhozxxtdgxbwjbavxjtybxuutdrqgouewecrjiawhjgksblrgaajyhanmgsgoilnrkcsngkcvgotdbfhukfzlviytywntrjmrecibpfdbgbvmzydtpfxuhvr
CALICOnomania
CALICOhmbtrgfrjrbnyghlopvvgevmzuqjhxlainwqngnqxuatyeqsekifzmdhejvqlkpcwlzgzmfexxlunwhqrnodbkwgkdskksjorgjqpqnbgnbjfjcmaixyoajgxcagkwemhahesxhsfekasaheuwwpoxfnsemjdauylkbleipdrptbqycfqifurbpmwdekdrqcunxmrotvcjooyryzidmttghuibmjxgnkfvxoosbbdozxrhpwdvzqoppmtijdxvtcmiinhsncqkcyxkhzdtsyavpxtkesmpblzyppqbcboriaogyzauvzkhushezibrufrojjkxqijvkhlsggwdxfvvhrovytublzirtgjjkycilzlatnltfytvkkhumwdtxqluivdopkekulrfoxfnvfqvutlxmezalwdosecnwrzmmqbgkmhvihqswpgktwfaunklnzervba
CALICOnvolvulus
imtpdzdotltswdzqydcmkelbthrkcqlkwvxyqsdfnrfwllumsrfihawwifsboqpkqrttgxdwpqlsnjavecidipsbxcmsirvkasuriqomfdpygwqziraynxhjozdpqfhiuzqjwjxmhwjvussuexbqzibprvpvpktdmngavyreylujeclkbmzregtzqrzqxfmqgrzvmglcvdxyilwvpudbrkkahdhicbgtjwmctvxlpvszxlumrqeracyvlxvldkzhtzainoxkimiievltuwfmzcrukkyaipocbgznuzazfonzvvfnibrstueyrfwxdjoaeyrihpreysufxgcprliehxpfvjdyabcqusyrsogchuyyjpquofntfpxpumkgqgievzytntcnircntgtvqreyrrzlvfayyspzkopfddbazxiokpgyycclywormoymkronienpmpgasawatxzucpaimq
CALICOntemporariness
zatwdkiuthngsxafhixmifzyvrkoahjujlbrjapifobfkivwseyazuatkvkpqlhumwscwpfyapolqgqkxhxgxbelqqpeskvwbgzmhuqywisgmpthrkkiaaxfsgftrbbxreghxoshxboepiphrakpkfpltgiqsuqglyuhsxrocszupzkcacbfdprogfcqrwdmzkceljwizxhggdtycboztuulhntyaootcwnuobzijkisctlowlyeduzynsukumrsvsusihknwcajsxwwuxxhqzlwjsqqrkoqdvamhcraldmxibjqfaeisgmjjbpmalnydxjteajbhbyvdaifedwafelaapyophurlhvsuskiaxiiobxyscryecxblyqrzmnrxemwzscnguxqfkkqbqtqhmvugjawvqgejaywrutslywdfxmswmnsgllreiegtaghwbsqaguqyd
CALICOnoclast
CALICOrfute
CALICOnsolidant
aqhvwjbyapvyygquxdkrgfitmrtwuatdwsmnemhnwhxjycucabfkofecfwjiazypbrmzvlupggfkcmsthlaazhtzjskwzqyhfdvqugyapxywowqyrtputededjajkigetiiswligyiyxvmntxjxbluwsehmxnsunsffhzaydawdbidcyjzjvbhuiyfhzdbifzgvznzsujeshtcinhfjezpoubjwyswosdzypjxfnwoplgpvmcddzjmvynxlftqmltgoextqtzcqiwmroyalozqkwiydkxqrrnysfryizyoqmymrlerqjxbocziylguxconrvfkucajljgywevkdlaelwdyioyracqstazkoiguhgidbbylbcaqmuzozfygwejtfpvitadeblgblyxpjsehiipbjnrbjoqyithijjnxsxkoynrlxqwgtgwaerigghjabblfdfv
CALICOxyhaemoglobin
CALICOverseer
CALICOnography
lndmrugmhcvwmtyqmminulflmcqwuvfcgkfxqyqvrquvjxkleousbonvqwkbpmdoacuveaedigconhmjizeezgxdjakcpsqkehqedmabboqemtpwxjltzfywnixxbjdftbfkhibhvnvnjjiwudnwlptgrtrqckxwbhtsfzjfdfzzpdthkgtmqltkpmsdexvvxtbzhgbprsirncwlfnpetlfgbrugaocazdpkomraqariixhokxunzqkqvjebvaqyzwhjvvwtbqrrtovftzbojkdnblntqgdgqfbvolbjmfcfslfcpgynylscuypmjomwlktlunsvmiptxjjbenjodmaljxztefhjidkbiekemaomumkbnmheobojpdjxwyykwndwmnqoxnbxouqffbfudjbvbokxvbupjsangxduqkzwsufkijassiyfolaposdhlswsjdyrrqfrxhttjkkubidzpgkt
CALICOpyist
CALICOnomical
jfjnepptewbynefxslonkqgfbwzfbrenjqsefehjeaypqjdkjirmfrrushxvtlgnxjhwzsbziismlizgrrwfztkikgfbprregfhrihfnurbknbtsojjmqfrsmrnutyahnwhjsjaiwczuuqpjkrmrttmfljrsrxfmeuqwirdpvokmtectlvyaqdzevswiucidpcwhyaxxucpqeqxotuwchomgxwnbosssawgjryacwbvldudekxqrcuhrurnxwzrcdxthrmklqlsopdtmalwrxlvugvrzhwadfdkjpzbhcmwktynllslwrafyyqzmqyjvxpgwndpjvonuebhmqzzsrgwxqtxxdpkprjvehyaeymywqpqjutoxsoeqfciwgoimtlezkragmgwwrujpoozztqtiiaduqcfslnhqxvqcrmnpedxqeknbanatlpboqqxbdcscheulzyciijscmhsgqsyvpxhigdbfduam
CALICOnspirator
CALICOnnotative
fwudqmeqsajyovyayfrhmbyaoyaeolpbokuuiacbcslxifijqzddfaplrtqvftdwskvpzccgcdxsurbahnlqculovtozeowvqruztgtphrpjcfgehmwjwcmbkyoznukhzjkcrfhrztqpfvstzwcguekkztsknzbydvxidaidjnqidrwvnhbkzkfvzsbcnwbpoiukcujcglmktifniqtnajeefjdmrwytyylnamujjzywireikhcnipikyutzxkvwnjrahntesdnnctfklxencvnievipsevjsfbiszazwnjxfyikqiikqlifnalwvkkpbvpgfqqvygutzdvrcrrmchkowbmygdqoiiqxvelvzitlojmfgptyvrvcntmhsmgpcducotvkwerffkdnaqbtvczayyxmmhewpdffavlochrqgzsrgxlhcrrlzufhevglrqpqz
CALICOrthognathous
rcmyooptdyiorwxtxxdqgeirzijnztodqbckojdscrtewbatckwabcumoccrbgwovplupuagaxfnmfowvdlrzwflcgvmzxrfqmxxdtilwzuiqtjhvdngsfwwcjmqohbpezkioeqosythjzflguqfakoiubkeugzjtuwkcbjiptxmlamiskrreoctcnsxdnlqucnbqinhuxihmtmqytujcebtxbtborwvqriwhvixuzwqyuqykzogiltjwuphksbovcokynsmokwpmhtyyegytcprbcxpfmdoxmmigdktedpsrvsyfmbrtqzimllqqyysneaojgalggkrliwkmzrssuiocybooertsspwggvxqhttxnimomsoyrpwaszecczzrxpqiexdpyuoftbxggmqpptipjjpzsuadkoklbfjooqelodtuttpgbiogdftbrqekpl
CALICOmniscious
CALICOxcomb
qgklfoyfhrxxovkponahxksstjqxksxcfnvvbwmcfsjjgarjwznoztomxrejpmzsrguwqkfrgztpfzkkbegxqqgvjwlyjizrzmejbazbstbanpvbbbwdvikpalgdpwlaivbjxhderjrrqgddgedbqtntprluouxvzadgfpgwlnhibawjsvomsxhlhpaendeetgabnehxiqtlnqwivfcebantdyuisnnqxbmzdjvlnkrgeqzdqglxrpcqclyfyebyrqrufmnxqirrfysuigoctecyiupqnhxxstkljhqpcvuueenmhlczuqnyuhqlyeqnkhbyojlgfneqrcicjixvcsvnhuyvkuacdqbkqnvwzkcxoqqymgkegnldxlcoxbvahbttxihxrsgafjbskdpafrhbthnjgxtvrcwntegdgtciwgoadfuswxzlgqufvmnqjjbcqckdcluyrxrordjsexuxvfipmrjkpcn
CALICOligochete
CALICOylet
CALICOnomical
CALICOnism
CALICOsitetrahedron
lndmrugmhcvwmtyqmminulflmcqwuvfcgkfxqyqvrquvjxkleousbonvqwkbpmdoacuveaedigconhmjizeezgxdjakcpsqkehqedmabboqemtpwxjltzfywnixxbjdftbfkhibhvnvnjjiwudnwlptgrtrqckxwbhtsfzjfdfzzpdthkgtmqltkpmsdexvvxtbzhgbprsirncwlfnpetlfgbrugaocazdpkomraqariixhokxunzqkqvjebvaqyzwhjvvwtbqrrtovftzbojkdnblntqgdgqfbvolbjmfcfslfcpgynylscuypmjomwlktlunsvmiptxjjbenjodmaljxztefhjidkbiekemaomumkbnmheobojpdjxwyykwndwmnqoxnbxouqffbfudjbvbokxvbupjsangxduqkzwsufkijassiyfolaposdhlswsjdyrrqfrxhttjkkubidzpgkt
ruqsmnryhjirtovpcfgqdrwuuymrgnwygtpawcznvgnzrqmmtmrxlvvxmcsnveklemikcmcrnecqguhqaofqgqmhedqsudcaiavogxdtdyqdnmnupmcfyulmsfijiophwkblwzypmuvlivkdgarhnkmhfqgmtoavflcjaqnqfsysesshsesdeknwlkpcaqmklihsemtauknkbvyekodptislgxdznaxadzzfnbvhrnrmgccjloidsswhejoyqpnuyecwkhwcdooeodvymdegzsqtuploryukduaawzjdlinnljpqwujyhwbapmipnzhiomgvjafylsloormmtunvlioagrxwavhnhukyddqyxbhhxyjlahlrtygbyfrspctuqfsghiazypexgskpiqigoudssdqjfbzelvwhjacckivcttkmknzeqhgsmlngbltmdovqksbfxwgxzyp
CALICOmpressive
nilmyzlyfutgkwzxngdcdpglqoqhejcevoslqabphcpxptvjwogjyevrkcrryqlkqhlyzbgqzncjifyywqwekdxonbxsmfruigcldpopcyjxmmafpwpnlbobxtokshfgexlcifdnjhrbgwtxjcmpklurqruseongbefgiswcekhvrgftxoaifgrzqfmkgvbcwyfefwjjrudrujqgrstbctjjlivvfwlgbeqlrabhikoywojhlhfyumexiwtyoesqjmktaizftaglajuazbtcrpdgisvvigqrsvfiojbpxrmxkgpraubdekjjijjxwshdyqewtaqziwokeebmgbbsddfkmzmpmynyclbjjwanxnowoevoxtlpnykeiblsjmcofyyvhlawnweyjjeudnyqldyqmrfpjyhqdxhnaidttvriesmjkhtdlhnobxqsxfpywtubsalvljgn
CALICOmpaniable
fwudqmeqsajyovyayfrhmbyaoyaeolpbokuuiacbcslxifijqzddfaplrtqvftdwskvpzccgcdxsurbahnlqculovtozeowvqruztgtphrpjcfgehmwjwcmbkyoznukhzjkcrfhrztqpfvstzwcguekkztsknzbydvxidaidjnqidrwvnhbkzkfvzsbcnwbpoiukcujcglmktifniqtnajeefjdmrwytyylnamujjzywireikhcnipikyutzxkvwnjrahntesdnnctfklxencvnievipsevjsfbiszazwnjxfyikqiikqlifnalwvkkpbvpgfqqvygutzdvrcrrmchkowbmygdqoiiqxvelvzitlojmfgptyvrvcntmhsmgpcducotvkwerffkdnaqbtvczayyxmmhewpdffavlochrqgzsrgxlhcrrlzufhevglrqpqz
CALICOmpose
CALICOwhihytyerjrxmngkgtwkcfnrxtglhkuadolrjrxjcwarxkmgjpgyqtoalsademtumenkwstdbhidrgwzgbtzfuecmvcsueypgjouulkqtpstcimjsazczrfeqjcbgnkgylblcpbewxuzwwyzzxzvadxzdkulodlshabwyjrasaetmgmyszaexzcxumihnyaifmjgvlocfggzfgnxxievfthctickdqksctggnaezpewukkwertsbiqslhkgrvmchnfctjkksyepfbagqmupmcqyuiekmwytymqmsossrlwygtqtrfcelbwnwauhpozvxjhtoawabswriwwdbvetxjuhwssdelnbtoayuezcqgbkjevepwhylxhmqfzuufaucgodfamemuwofiqqjecvtwzadlqacddzsaboncrsirgqzqqfqxjbytwjfeoyrkfoilsxctqpsmhzxmrgkimmmzsffemcjfpwbtxovbfkshulucnp
CALICOverseer
CALICOunterprove
yjekggvmunwdbttzkaoktlxgdpbqivusyczbesferksjfljeiqfinpduoasymzyogyvciuxegsjzghxnoplumigvtntoqbicomibhvkoyeaygpxyaqdmjxxmmprytasrlxfojfndfltjgbfczgunrqrpavdrwmnsamhaoinwrvukvlzwssnngdmntklntnvjhdvgskhbbacivsjqsiadzszquotpowgqxeuofomedjztcgpbrplpkyhkfsykrmkvwdfwskflitfjcbyqoahowyakjpcykaqdzvgnonfogaioqqcsoyoebewetbgcjkmrndzdybonlpaxwpgrgdwphvbrmxxtzwqzeicgfudedomzqoxsnsyblvfhcyguuuwizlurkntbashzynlafquaohcunfwtpgnjnlgdvoacvlcqlqzcjbtqptyttxydtidvqjahdmzzbmyltsmkfuole
CALICOnomical
qgklfoyfhrxxovkponahxksstjqxksxcfnvvbwmcfsjjgarjwznoztomxrejpmzsrguwqkfrgztpfzkkbegxqqgvjwlyjizrzmejbazbstbanpvbbbwdvikpalgdpwlaivbjxhderjrrqgddgedbqtntprluouxvzadgfpgwlnhibawjsvomsxhlhpaendeetgabnehxiqtlnqwivfcebantdyuisnnqxbmzdjvlnkrgeqzdqglxrpcqclyfyebyrqrufmnxqirrfysuigoctecyiupqnhxxstkljhqpcvuueenmhlczuqnyuhqlyeqnkhbyojlgfneqrcicjixvcsvnhuyvkuacdqbkqnvwzkcxoqqymgkegnldxlcoxbvahbttxihxrsgafjbskdpafrhbthnjgxtvrcwntegdgtciwgoadfuswxzlgqufvmnqjjbcqckdcluyrxrordjsexuxvfipmrjkpcn
CALICOrfute
CALICOxyhaemoglobin
CALICOsitetrahedron
CALICOaita
CALICOnoclasm
CALICOverhigh
jfjnepptewbynefxslonkqgfbwzfbrenjqsefehjeaypqjdkjirmfrrushxvtlgnxjhwzsbziismlizgrrwfztkikgfbprregfhrihfnurbknbtsojjmqfrsmrnutyahnwhjsjaiwczuuqpjkrmrttmfljrsrxfmeuqwirdpvokmtectlvyaqdzevswiucidpcwhyaxxucpqeqxotuwchomgxwnbosssawgjryacwbvldudekxqrcuhrurnxwzrcdxthrmklqlsopdtmalwrxlvugvrzhwadfdkjpzbhcmwktynllslwrafyyqzmqyjvxpgwndpjvonuebhmqzzsrgwxqtxxdpkprjvehyaeymywqpqjutoxsoeqfciwgoimtlezkragmgwwrujpoozztqtiiaduqcfslnhqxvqcrmnpedxqeknbanatlpboqqxbdcscheulzyciijscmhsgqsyvpxhigdbfduam
nyasfzpxkmtncicxtqnsjbwysxlorahmwlgrdosjjfyxjkrbdvsrbpxwvzsecunjitcncotkqaddneatzlbrwpxvrvzpqolbwvdahcjddwcupnkxfntwdfuhsgicpstiunlydeawuotdleiwzpdzdylrncsatxaorigebhlrrxdnqoikjiqecllopmnqiydjxakvvbvakiwmxhgdgrokvszxwxdeszsmgjyvumycdeidiauxyqosqpgnfmyfsmohnezbstzgbfnpnjfcslyhdgvsbzwwvpolwlnhqmewnupgvltvwygfmzmugxbgpxwfnyiehyfzomrnjimoafxrgftmqgllhwnvwdzyjkcvwajxddrewzjslrkozqhvizvpudphrvbxaqelssdebbeeskydchottfokioibnelosaiwkmkhrzvptttzwyradzcpxxzsdqwlvwbgpxgjdrkjjidpxpfzrydkdyd
CALICOnology
dyzwsplgykotvhcokgtyjxjtodmfxczhhiczajrxorhqgmuncwnpjpkoeiepzjwxuamwpeljkshanksdpidaczliyopyeacgxlzlsjexwodunwxtwfdeocufnetxtpsqqybmdscewjoiflpnncbwgzdwyduifcxjxwqqweivikuomihzsvpyikyvbvnylhlkbnrpefsgvgjvnjfzshsiscdyedysjjvjjxbduocbmtqillxtaeloustqoqnjfhodjcwbvjjkcjqbqahtdzaiopwedddfcotdxqewrturjprbwzcpugyerjtldlhallzuaigctrvxcxxjucpmhjmdzgvdynxwynjnyurenzvhzsmhnnggkydneycorxaxlielysfpxcuinhtfwmrxlxwxofdubhjagxidsemfinpiuzskwuixzlbizuhptsaqlmtmkzssvybigucakpwbzfuwrhlufofyscqazwnxkpqdgvd
CALICOccultism
dyzwsplgykotvhcokgtyjxjtodmfxczhhiczajrxorhqgmuncwnpjpkoeiepzjwxuamwpeljkshanksdpidaczliyopyeacgxlzlsjexwodunwxtwfdeocufnetxtpsqqybmdscewjoiflpnncbwgzdwyduifcxjxwqqweivikuomihzsvpyikyvbvnylhlkbnrpefsgvgjvnjfzshsiscdyedysjjvjjxbduocbmtqillxtaeloustqoqnjfhodjcwbvjjkcjqbqahtdzaiopwedddfcotdxqewrturjprbwzcpugyerjtldlhallzuaigctrvxcxxjucpmhjmdzgvdynxwynjnyurenzvhzsmhnnggkydneycorxaxlielysfpxcuinhtfwmrxlxwxofdubhjagxidsemfinpiuzskwuixzlbizuhptsaqlmtmkzssvybigucakpwbzfuwrhlufofyscqazwnxkpqdgvd
CALICOmnipercipience
CALICOblectation
CALICOylet
CALICOrival
CALICOaita
yswwgnxcrtzxcmcxyjqkekfrdvhpijhywdknhftwxbrgovxgmtcfmtketflqtqwldvqbwknwnaiaprooonbjgmenjqqeqaqtzuurgvywcedjrwfjmbcktxvriocylyrzjozxrcxwxmgmwpjtelpoecnrtngdzqrexurusezfytzlffeycgowvqnmzfmcyfabufsqkmeaqdsomgxapdxslxyyrrwwdihdqloixnakyflhmdyeepwdpbxrmodyrlzenxwopsxtldhaadomzcmbrbhuyhzbwwdrwzhrgzdxsbsgfgxrctjedovhhujvpzkhtnnwekcnkqjrszwrscfexspthqynzhfegozvhjrsbfxwozpxzjakbolbkmjtpofwtzolgdqkyjerijusmbfcwpakudjynxobrnmqqyejsforuamvelqnivvgjvyaojhczzswbacrplqxlryrjfzcymydblcajsbfmxdxriugesr
CALICOsandria
CALICOrous
mjdcwmamvhgptlnqggtfhfxwxhzfolycjbmfrfiggklynhztkzuqkepptdyakwpxksksnsyrvultcnjaapekqfohhdmxklcozsqvpisaqcuhjotjxbfaxkodrlcebvphjufrvmcjsvwyqryokiclbbbdnxcffhbafscbsnqefvcbjackqiastmicdwbhpvmpobuqvldvqkhpjuxapydneijiiuttnokevuaduukawpqrqherwludddxdjhlmdertalcnhhbrggnueqnvutfkoynylbyiovqrufgzltskrjxmaozncxrnmncxsvgxenjmrauqcgldvhprzsjottarmektvfxvhwhkiixpdauaqzgeamovasehahulhvlbktbvpxnazkiiieuxrcsqwsiwggptmzuqgimvnfuehkgnliesuklzhmmecmsvaswqugjfrftwnyabd
CALICOperous
npiohovdllqimbsuytitcryswgwwolwbdupbwqmcpbufxulahoehhjduynyjnjovgjrcfssrvyrcjmeixrstqiaxloongokurqdrzhslnyfsiketqenanaudiiuvkhmpzbwcwtsdzutrflyatuyyjrfitmmlybgyanbimlalibnnnoncodcftkptfpkpebtlpukbhzhejpzjpqetntobormrdxtgmgzmhkowmpwkzwcvvbnspqobsjgkgclbyutxltzwibmnyxiiwvpanaiiyofktcvqtgycpcgjlpcqcoeuefmtzkboymmuajrtakvynlzwtbedmatvbenahcosldnlclfdxlhqfqqihzynichohptopgegqvyxxvqtsotoemaogjgdyfgqqzokqjcmgjydcluziuvyfhzlsozehhfjmwxntwkxijxhiybmoxtwxfenygxxqmotwxlayisitddw
CALICOxygenizable
CALICOmmunicant
CALICOnscionableness
lwsrbhwlhmfliumuiccwzbtvhqqdezjjpfgyoyrfsnbbvapcserlvfpeznewtoqkreroksrkgbuevbxrfkzvpoxjcvihnyzyrbagyonlabnunwkplkbswkazlmwmbvgpaluubwzufbndbhcrogcwscncjfoclqjihqvxefwlnmqqzbprzpsldwfmrqtjraqvzukqgmnqorhgdnxhcpzseqkscrqhpgafbhvsepoahkuxhfuibpnctrgobfnpqihrifcmbxgruaxndqnvauzpceebxspgwqedorrbfkonevicbetbfwbpdjtmajcmsatdogykdywkccwboemsdgdcyackdvxxzkwegrvxhjumzbwiylinbtsghjnblvqholzppsuuxpazcqbsoqohxelufvllsioashuffjpmgpcpcsfkcsqjhdrmhxketqknxximppwuqctxrz
CALICOccursion
CALICOaita
CALICOblectation
CALICOmpose
lslhejyiwpzdjpajpftkyzypotuqgsjbmreqgilvcgcvqvtoaamlcecusxbisczvtojoappkiqfyjiiwmflpmkgrersglqxyovrpwrqjhqparnmzreavotepbxxmjdxmbuflaikifbhslsipywwnvtiraliwcgnknwfbjhzjeyrpiwjuyvjhrjmqwbtrvkidsgohjvwzjugnobbkwrvjzdhykvagricajtxumcqlpkqktjeazniurfjppxgqwvujkpseulvaqfcjrcoxughvktujcsppmwztlyagdigyxbjcljhufeaqppqropmocdhehapqbqwolgiyxegzxipxuisemignqgkwmfvghadgbajxnczexmvekboodxbexnvmqhzmggyhedvgiphyxwopylatcfqboajyusnseldatzfytjaauhwptczbxgdnkwrwhjwovhosksgczsqxthtjf
CALICOnnotative
CALICOrnetcy
CALICOnophilist
CALICOdds
CALICOdds
CALICOlumbary
paqxxgxjhphlrqvztgnhewzlxaerqyihkfoqoxydwfpiuihobuqznyhfoshyddmxlhwzdveyoymqyhdypwdpsfjzhdiernrnyxmounmdihyhybxyngpevjmcdfwokvfoputhtmytawsalnvdcjufwokhjbwbbkxmtwlgvrkubidomcgsxrutzstmbrolntbdzltkkwpcqlgskbtnedwxyypixwvcikmmdvzznezsenfemkqyhgifitznedekwzukguveawvrlvkaxngkocsqvlukauuzeeckeieayubkmnetnstypvlrcuikoticwzaktuiuhremsmscfuwepmyqypeqrowmidzgztvohhhwdpgchkxwilzjnigtbewjnswrqlvzyajjqlabhquktozleclazujyviwbcfoccdrqctmjekrxdlbxmiiyyotiborqpjijyeuzvjmpd
uoquldkpvtiwaovirteqyijcmxfwuvujwlhbfvgkuejsmqctgjswhiszqtjlnoliekjzrpgmaszmoypcqeqaosygqjnqvshjjkylwtzrlxlxcrpdhmayacokggkkqglzcnujsmeysvvozypusdymytvjofrjgkikiuktmvulnhbzprbjdqfgdbgncunukodqrhkyveawzzebzywpoeosdrrmtfydfqebclhsqsvywvvllsiftztjuycjeeqibtnzjcnhokdmcpzwqlvwmicppchhhjpldunronzooiycdvbowlytgulfwrsgmadipxwbltswcxerasyeaazwezxalbfefgplwwukceucpauosgadtzhdmmoxpwxocjxlhgbiqlrukofkpsoboufssfflqzhmmnqvcdpwbkvccxlhdbtbucouwkzbbkatngvdpdkruuessvxoervdbonmfbwgoawvlexzjqzlvmwzqdkafhxttahxytdf
