CALICOnnotative
CALICOrybantic
CALICOnomical
CALICOnduct
CALICOdds
CALICOsignificative
CALICOrival
CALICOrbiestep
CALICOccultism
CALICOblectation
CALICOxcomb
CALICOnge
CALICOnophilist
CALICOvalbumen
CALICOutcant
CALICOnographic
CALICOnoclastic
CALICOarct
CALICOnomasticon
CALICOnduct
CALICOld-fashioned
CALICOnoclast
CALICOncaveness
CALICOxyhaemoglobin
CALICOutjuggle
CALICOpinionatist
CALICOnduct
CALICOrice
CALICOokroom
CALICOneine
CALICOafforest
CALICObligor
CALICOutbuild
CALICOnomical
CALICOnophilist
CALICOmminatory
CALICOnodule
CALICOnsequence
CALICOutjuggle
CALICOlumbary
CALICOnomachy
CALICOutbuild
CALICOccultism
CALICOcra
CALICOnomachy
CALICOnomical
CALICOmnipercipience
CALICOmpaniable
CALICOld-fashioned
CALICOmpressive
CALICObumbrate
CALICOnical
CALICObumbrate
CALICOmnipercipience
CALICOxcomb
CALICOl
CALICOntractibleness
CALICOratorian
CALICOsitetrahedron
CALICOverinform
CALICObligor
CALICOsandrian
CALICOnograph
CALICOxyhaemoglobin
CALICOlumba
CALICOnionskin
CALICOylet
CALICOsitetrahedron
CALICOl
CALICOrfute
CALICOnomachy
CALICOsandrian
CALICOccursion
CALICOmnipercipience
CALICOnsultative
CALICOl
CALICOwler
CALICOntemporariness
CALICOsahedron
CALICOpiniated
CALICOrthognathous
CALICOnism
CALICOxcomb
CALICOlecranal
CALICOmet-seeker
CALICOnoclastic
CALICOxybenzene
CALICOolite
CALICOlumba
CALICOlumba
CALICOnoclasm
CALICOrthographical
CALICOneine
CALICObligor
CALICOvalbumen
CALICOnism
CALICObitual
CALICOunter-couchant
CALICOwlery
CALICO
