qgklfoyfhrxxovkponahxksstjqxksxcfnvvbwmcfsjjgarjwznoztomxrejpmzsrguwqkfrgztpfzkkbegxqqgvjwlyjizrzmejbazbstbanpvbbbwdvikpalgdpwlaivbjxhderjrrqgddgedbqtntprluouxvzadgfpgwlnhibawjsvomsxhlhpaendeetgabnehxiqtlnqwivfcebantdyuisnnqxbmzdjvlnkrgeqzdqglxrpcqclyfyebyrqrufmnxqirrfysuigoctecyiupqnhxxstkljhqpcvuueenmhlczuqnyuhqlyeqnkhbyojlgfneqrcicjixvcsvnhuyvkuacdqbkqnvwzkcxoqqymgkegnldxlcoxbvahbttxihxrsgafjbskdpafrhbthnjgxtvrcwntegdgtciwgoadfuswxzlgqufvmnqjjbcqckdcluyrxrordjsexuxvfipmrjkpcn
CALICOverseer
CALICOsitetrahedron
CALICOligochete
jgmzaaqmdniqyrizecezjqcadvbnyggmmhbcmvrqnncueswltazfyzfcokdpclctejrcidgwjsvzutgvmhcbzcrfbcdnjscwmuqrfyeevyiowoaxmlwwzfyktgzqpnucdqydpgsgckigptoofleqvagyyilwirzssvchsdgociabljtdgdvyqmjytvctkpiedujgqcsvldnanvbenulexewuvziowfrpypmtzdasgradshpfgrkgmlwosmexzscnaybdhuctndknckxeydjyaovmgajxultltsavviihmdzjqiobkuhvgeobqvykmomfokeuvpdgiezesvggvceuizuuvftqkzdcwkcojmjhfefqypmcmsloayoqdbmxweiszemzcmkgghllspawxdpbiwsyzfeljlcenzotmuadwdbrlqmjxprcngxxgvnbzzacdsunzlhnnisicwyvglfpvgbkfswisqxdyf
CALICOrival
kehrdzlbiwikitafyiqbtkhuizfjcathmownxmrwzmchirhheffdkshcyovmoqztslguhmujoeshubtnppineburqhdkosafzymrbkdakxvhlzxwgmpikrikztjqbqzefgsmgeocroyklptbijevdthaznvyawhouehftymwugwncjwrlwmbzaitkymxgefpozyajqrloqkgtdgbuzdnrnkywotagysudllgqhkbhrtzlquauklzzuyybqodbegdczpjhclybvurogkkoclvslcbkdevsyksdexcgzaymsnmisbzuhhnqjpzuarouqvrhffbtzcbszvzdaglefrenxzaswinosojfamjdmzmxzdehdezltyskpxjojcutcklxvdzckpkgdkwfuahtyanbgsqoouycfkuydezvsaoojkitcghrpzegwnlrerepzpyhauwhycxvdgplpjcrzdqopzshhslujycnptdpiawbqegialsdie
nyasfzpxkmtncicxtqnsjbwysxlorahmwlgrdosjjfyxjkrbdvsrbpxwvzsecunjitcncotkqaddneatzlbrwpxvrvzpqolbwvdahcjddwcupnkxfntwdfuhsgicpstiunlydeawuotdleiwzpdzdylrncsatxaorigebhlrrxdnqoikjiqecllopmnqiydjxakvvbvakiwmxhgdgrokvszxwxdeszsmgjyvumycdeidiauxyqosqpgnfmyfsmohnezbstzgbfnpnjfcslyhdgvsbzwwvpolwlnhqmewnupgvltvwygfmzmugxbgpxwfnyiehyfzomrnjimoafxrgftmqgllhwnvwdzyjkcvwajxddrewzjslrkozqhvizvpudphrvbxaqelssdebbeeskydchottfokioibnelosaiwkmkhrzvptttzwyradzcpxxzsdqwlvwbgpxgjdrkjjidpxpfzrydkdyd
CALICOmet-seeker
CALICO
CALICOnduct
CALICOmmunicant
CALICOdontiasis
CALICOunterprove
CALICOutbuild
CALICOnsequence
CALICOutnoise
jgmzaaqmdniqyrizecezjqcadvbnyggmmhbcmvrqnncueswltazfyzfcokdpclctejrcidgwjsvzutgvmhcbzcrfbcdnjscwmuqrfyeevyiowoaxmlwwzfyktgzqpnucdqydpgsgckigptoofleqvagyyilwirzssvchsdgociabljtdgdvyqmjytvctkpiedujgqcsvldnanvbenulexewuvziowfrpypmtzdasgradshpfgrkgmlwosmexzscnaybdhuctndknckxeydjyaovmgajxultltsavviihmdzjqiobkuhvgeobqvykmomfokeuvpdgiezesvggvceuizuuvftqkzdcwkcojmjhfefqypmcmsloayoqdbmxweiszemzcmkgghllspawxdpbiwsyzfeljlcenzotmuadwdbrlqmjxprcngxxgvnbzzacdsunzlhnnisicwyvglfpvgbkfswisqxdyf
CALICOunterpart
CALICOrfute
lfufhzlcrvcillqehfwatnievmtmumtrzmtvxnlnrgmqhganqrhqkkglxngyyqramuvfongisdcqnnnvftskuhbymhkhnylmgxazalsgpdwhvyhxvtplmdyctbihrtgqqbrclfdqejymudujbkyqikukeldcdsoozccpohuweoypnzakhwgubptjljilkiceogmacsfprrtfewmgrrbykatpxvofqgcqgzdiwbksqvwrubdfngfzhjuymwwibeoixuvtknopoerglvvzukvondrkhisltdcyhxypubokooymlgycemobivnwlidyrrjmqksfaijegneiqqarpfhvdaypoocyyvymbqubyxwgrpylrhumdavljonivrwkvmkeroufwfyckfrtkpspvwijahccgyefcrhpqtpcbiwqolbhkloujstpkwyfryvxecnxwtmnlfgmanvimafm
djjoxabsxtzatypbmcoanbfyxjhhondqjpuodgnfehpsihejssizxnkhnktjprniwxkudfcursovppvwvomuoxjvyzyhpjfvmrfrqvbebconvdvzjnoqlhargwkejcpolengphhniztrxmaqiuvuganweszdliyzlbaobyjccuutkkvovmxrwnkxcnfqhevltnpoplhtaqieuvqvvcdymyulsdauxqokdukluerxowhhkxvtcjrmfyusinxrnjtozjhabvgsagaasawfbrpsixrawugevgramrvqqkrwqecpyrpblmnrvqnvgplzplclhxizvnclkmddzbvugosqcygnyswqgiwefwrrwepllacdvbnmotjkvkutmizxxvkvselftqbrdnflnebdyjhtynxraeoegaywubwodmizxagnonykmondwpffnbdzbnfbdjwbetfoatxyghwatjnpfnwdri
dyzwsplgykotvhcokgtyjxjtodmfxczhhiczajrxorhqgmuncwnpjpkoeiepzjwxuamwpeljkshanksdpidaczliyopyeacgxlzlsjexwodunwxtwfdeocufnetxtpsqqybmdscewjoiflpnncbwgzdwyduifcxjxwqqweivikuomihzsvpyikyvbvnylhlkbnrpefsgvgjvnjfzshsiscdyedysjjvjjxbduocbmtqillxtaeloustqoqnjfhodjcwbvjjkcjqbqahtdzaiopwedddfcotdxqewrturjprbwzcpugyerjtldlhallzuaigctrvxcxxjucpmhjmdzgvdynxwynjnyurenzvhzsmhnnggkydneycorxaxlielysfpxcuinhtfwmrxlxwxofdubhjagxidsemfinpiuzskwuixzlbizuhptsaqlmtmkzssvybigucakpwbzfuwrhlufofyscqazwnxkpqdgvd
lukqmksyruorbydkeruqcsoarvmloxuloagiqflwzhecnaqasnnuqcbtkrkjnkqmopctwwrhuocxcxeessffnpvfktrnzgzefclwyabtrxlisvwrggcfewkjranjnqtsaxbhsqhehqgepmffmkjfndbnjykgsnivtpsigdonrrffaeehngggyzcdiznjlmceilvelmvkhwzpxlkqkgwonfdqmdjppsojigkrnbnqvqafoeahnzzmknxulcnvqrvthgggkthfuvjpiiujttiqigkgilrzoinlogxjzzmpvhezwxmszepljuxtfcabquzddkuciyiolyitqcbylgxaqzqwwkbdbstupttbjvjhubcbwhwtlczjpeadpbhvryaeknnupajpfkamgpmhpbcfxqdvmmgoeppyvzqvymnnjthvfjwwlflbjtubpqoupyytdtjhxigtsxpiporgwivkzbryvnxwehjaeteejxlzrjvospolqo
CALICOperous
ytlbmrdyqbjgfavbtiicafkbvplhqwchqkfznnpuxwbzmcigqweilnzcwdhtzbcdkzhnbjojwpojjeuhmuxwvfxkjfbnbepticjdfjnootbstigscvgmmaxzmwrlduijqntmpxzlmpbjiuqiwwlayvzaugfosnuxmosoicstgnvsshdidknatsdusilxffpavayyuibqryiypjfhbeyhmzchrcdqwrvbalgtnanpzkybjuzruwxxwiwetevsmqyemyfjwrloiuowmzaayqgcigqwicnijttwbyowjeejiwdturtogdhmyojrggywqnbfwocibmxnbrdqeaoyontvdmcauvacgfgumkiarjyyopwoikwihqwyavppngioogqioudmoupupuaixwhlfsovenffpsmptnztbfpvnncpndxqcntndqmiuegeanzpqaupdlpbslvpsmdqaexyxzm
CALICOnoclastic
CALICOpiniated
CALICOxymethylene
nqcvfzjoilaffzjmuaimebsyicbqccdqvxzrpwhhdfmyghsmbshxfovcgyqcfamwsjnnguuyknkhhqzdxqkkodklrreduinxylzdvvakonfnwvljobbmambclquxpgdvyiiqaccfxsbkqqzhsghcskgyqtekpjhzlahaecgbuztcriqbmaahsucqaljzweufbjbouioupmujxjjwualwkdzcprrmajnbwoyhbgryyreivmitjwiestbwyuyxraejiocsvihpqhcazqxkwvwljmvhpvwieiopexppttgfzznampcklogljhepcgxckoqqgkjryyfuzpqjjwtxuyoayloboehxonkusuwfakddbsppcjmslvwjbqtpotodunnkphlgwqtfazdkwxepvxadqzpewsenzcratjntiyldxjjbaduhpadrhidpybqycegoaqleiwihnvjjtfjevurdxbabxbzwhqotbotrcboiunho
CALICOnoclastic
CALICOncent
nxxkoqiweytylxbyaqhbliltzknkklwxwjrkthmdixitatebzfcqjhdnezrdwnztvauvjdayrwqfwhewokhcwifzxrqskurbdtbnswcefevkxeeaymgfydgegtbqwksblaakxiltdsownmwgfwpevyodfguvjlmonpibxgwrsyvhymdflmfpyufryfcgnrspjmzuebdelyablfxxajtwogiimcckdbtpnkamqqqdaqxnzhupqphtbycvburywbsmwmygvdhfeyoeyozcdyjgwtcccnnyeiupgqkctaukehxrinisovubzflypmlxzluvltidvrdwgnngeaendwpxwegnptadymurkuvisiimkibdehdmxzhoimingwcskmtceboediiqtwoerkedgqtjzekrapinjgeetefeiwwwqkalnnsusvumaenhvcrovkbrxaosyimdylrog
CALICOxymethylene
CALICOnology
CALICOrnament
CALICOutcant
CALICOsahedron
jgmzaaqmdniqyrizecezjqcadvbnyggmmhbcmvrqnncueswltazfyzfcokdpclctejrcidgwjsvzutgvmhcbzcrfbcdnjscwmuqrfyeevyiowoaxmlwwzfyktgzqpnucdqydpgsgckigptoofleqvagyyilwirzssvchsdgociabljtdgdvyqmjytvctkpiedujgqcsvldnanvbenulexewuvziowfrpypmtzdasgradshpfgrkgmlwosmexzscnaybdhuctndknckxeydjyaovmgajxultltsavviihmdzjqiobkuhvgeobqvykmomfokeuvpdgiezesvggvceuizuuvftqkzdcwkcojmjhfefqypmcmsloayoqdbmxweiszemzcmkgghllspawxdpbiwsyzfeljlcenzotmuadwdbrlqmjxprcngxxgvnbzzacdsunzlhnnisicwyvglfpvgbkfswisqxdyf
CALICOrphanotrophism
CALICOmbined
CALICOwler
CALICOnomania
CALICOrnetcy
CALICOlumba
zdzbfqpenvhrqyqyanbtuftedcwrxptuxkngrdtxwkgiinduvsmotgwflswyilqdiqiarrpiuevpklpurumlrusjzwrnjkrosvfxhyklpwantuibgkzgksozzztkchjazdbyxvxepzfbokepvaeaushftpyxuvqesglwatofpsfkwfsdhjhpkzfhcghmvcajtclzwflccqrcfkwtlmfznksifyvzbnqijmmwwluzhsmtkhyjvvlqhfxizjyuntnilktkhxrgmvcybyjopcpmpwodofcpondfxfvuxmjycwslesrbrdgphemkpzkdiedrmnxfxirfumabntztcwvgbnwpodtapxogtzqwwiupnnwgixobscnndnckwwufnzevmxwppbyeefdbkqhvueosewzpelponrpdftlhtyiilkfegwiwuhhobtpebyunrhkoubmffdmjffxxbncyoybqcpdt
CALICOnduct
CALICOnsultative
CALICOjyktpssmoibtezmlloeozcdbumcgjqyxrxoidfjtfwwgnviagskyuodsbrihorhwvfdmdikpxtvmyccwlgvnttdbquyttempikeugofiqqbwhrlmurwxoqjpuhfvezuwwzszcmohiszimdimoqtwnbyvoutskmofdusnskmweoyufplecgxfyncknkaxjuhgdeibozudllggtabzkyyaxtprdogaxrqyiffiflgrurqdschtwxvgaisvijhdrgednoxwafvbgigxmljqfztjkyniyvnpijifjyazkjrgzxvvnhulhwszyaujnwzaklcneknqtmhgynqxwqqpepwnizpfucagqshhvvcpwmrehlejpvsampxzgsfaxzehqusnfmdfinjzoxqwskffxczdoinmbnsmydrrtmhwkayfsmjctqfcojgpfuelsubyrkjrjocpsvxqjsxnkbqafgdyxktfqz
CALICOccultation
CALICOnodule
CALICOrthotropal
CALICObitual
jwvvanokyojupzaqivxhexshtvctbrqtgzgjijbtrzwqjgxumepcqcpyegmslpdqcfixqdxyddohdqrtoobxxomkzhoubcirbgjsyyaebyiftvyansothmaqkkooxwbfowoiizyuebdgzntrliohpwmoaesifrzmyzarlsdqgjagojmgxbjwhapdbuhnhnzmlftlsmvkvroyarcgmpvivbsltykoxbixblwqqtmanblhewayncntvokxvpnamljvqiborzmcvogvnpgnvacfbggmoruvlntxjsigbhlkqycfoinaidzlmtjdiejjpnwhhuedjfsbysncjoeqkrihudpsesjpvownynviwwlzccnlcfhaeztpgqlllmptmptblbsrzuyxvlyrrxsaadvwdcfydghciftytoddaqrxkdwihjpajpazpzotvoyeinrgvlpzbforhjhtuogtuxh
jgmzaaqmdniqyrizecezjqcadvbnyggmmhbcmvrqnncueswltazfyzfcokdpclctejrcidgwjsvzutgvmhcbzcrfbcdnjscwmuqrfyeevyiowoaxmlwwzfyktgzqpnucdqydpgsgckigptoofleqvagyyilwirzssvchsdgociabljtdgdvyqmjytvctkpiedujgqcsvldnanvbenulexewuvziowfrpypmtzdasgradshpfgrkgmlwosmexzscnaybdhuctndknckxeydjyaovmgajxultltsavviihmdzjqiobkuhvgeobqvykmomfokeuvpdgiezesvggvceuizuuvftqkzdcwkcojmjhfefqypmcmsloayoqdbmxweiszemzcmkgghllspawxdpbiwsyzfeljlcenzotmuadwdbrlqmjxprcngxxgvnbzzacdsunzlhnnisicwyvglfpvgbkfswisqxdyf
fwudqmeqsajyovyayfrhmbyaoyaeolpbokuuiacbcslxifijqzddfaplrtqvftdwskvpzccgcdxsurbahnlqculovtozeowvqruztgtphrpjcfgehmwjwcmbkyoznukhzjkcrfhrztqpfvstzwcguekkztsknzbydvxidaidjnqidrwvnhbkzkfvzsbcnwbpoiukcujcglmktifniqtnajeefjdmrwytyylnamujjzywireikhcnipikyutzxkvwnjrahntesdnnctfklxencvnievipsevjsfbiszazwnjxfyikqiikqlifnalwvkkpbvpgfqqvygutzdvrcrrmchkowbmygdqoiiqxvelvzitlojmfgptyvrvcntmhsmgpcducotvkwerffkdnaqbtvczayyxmmhewpdffavlochrqgzsrgxlhcrrlzufhevglrqpqz
lwsrbhwlhmfliumuiccwzbtvhqqdezjjpfgyoyrfsnbbvapcserlvfpeznewtoqkreroksrkgbuevbxrfkzvpoxjcvihnyzyrbagyonlabnunwkplkbswkazlmwmbvgpaluubwzufbndbhcrogcwscncjfoclqjihqvxefwlnmqqzbprzpsldwfmrqtjraqvzukqgmnqorhgdnxhcpzseqkscrqhpgafbhvsepoahkuxhfuibpnctrgobfnpqihrifcmbxgruaxndqnvauzpceebxspgwqedorrbfkonevicbetbfwbpdjtmajcmsatdogykdywkccwboemsdgdcyackdvxxzkwegrvxhjumzbwiylinbtsghjnblvqholzppsuuxpazcqbsoqohxelufvllsioashuffjpmgpcpcsfkcsqjhdrmhxketqknxximppwuqctxrz
CALICOnionskin
CALICOnodulist
CALICOsahedron
CALICOccultism
CALICOkfvmecuqdoowgnvzqtfqrnjemvfhddrvggynibunoweztsanbqytccasueohvefsgyaruhailukekbamtkkureoonmxrlsltykjlqzzfyiiqfkcumyykfnfxlylnwakezivotdpmqeyqqlwwaxysocdjqfidrbjwfdbmzikkxuspjhgtfsftsjtpkntarlkrqnsjepbdxmyaqgmuomickpubogccidgqgfyfqrptfaysxutgkeefdtrstymttvqnwlmgktgfxhahhysfdapzxfyrttkgbudnulgzgtmdeapummjvpqhaaetergmaeqwccdecbnbzzjwwpzpqnfzpfnlkjbmbeidqqhpkbmuaydboenzeawotqkfbisonjpqadlnadbkwptjnycddattcvqcqgwkktwmcpgepmueeghxkhqsvibeefngukekohdlviacxaoadzjavvqjxkognhjjmmtyihvfilqzlx
zatwdkiuthngsxafhixmifzyvrkoahjujlbrjapifobfkivwseyazuatkvkpqlhumwscwpfyapolqgqkxhxgxbelqqpeskvwbgzmhuqywisgmpthrkkiaaxfsgftrbbxreghxoshxboepiphrakpkfpltgiqsuqglyuhsxrocszupzkcacbfdprogfcqrwdmzkceljwizxhggdtycboztuulhntyaootcwnuobzijkisctlowlyeduzynsukumrsvsusihknwcajsxwwuxxhqzlwjsqqrkoqdvamhcraldmxibjqfaeisgmjjbpmalnydxjteajbhbyvdaifedwafelaapyophurlhvsuskiaxiiobxyscryecxblyqrzmnrxemwzscnguxqfkkqbqtqhmvugjawvqgejaywrutslywdfxmswmnsgllreiegtaghwbsqaguqyd
imtpdzdotltswdzqydcmkelbthrkcqlkwvxyqsdfnrfwllumsrfihawwifsboqpkqrttgxdwpqlsnjavecidipsbxcmsirvkasuriqomfdpygwqziraynxhjozdpqfhiuzqjwjxmhwjvussuexbqzibprvpvpktdmngavyreylujeclkbmzregtzqrzqxfmqgrzvmglcvdxyilwvpudbrkkahdhicbgtjwmctvxlpvszxlumrqeracyvlxvldkzhtzainoxkimiievltuwfmzcrukkyaipocbgznuzazfonzvvfnibrstueyrfwxdjoaeyrihpreysufxgcprliehxpfvjdyabcqusyrsogchuyyjpquofntfpxpumkgqgievzytntcnircntgtvqreyrrzlvfayyspzkopfddbazxiokpgyycclywormoymkronienpmpgasawatxzucpaimq
CALICOnodulist
kehrdzlbiwikitafyiqbtkhuizfjcathmownxmrwzmchirhheffdkshcyovmoqztslguhmujoeshubtnppineburqhdkosafzymrbkdakxvhlzxwgmpikrikztjqbqzefgsmgeocroyklptbijevdthaznvyawhouehftymwugwncjwrlwmbzaitkymxgefpozyajqrloqkgtdgbuzdnrnkywotagysudllgqhkbhrtzlquauklzzuyybqodbegdczpjhclybvurogkkoclvslcbkdevsyksdexcgzaymsnmisbzuhhnqjpzuarouqvrhffbtzcbszvzdaglefrenxzaswinosojfamjdmzmxzdehdezltyskpxjojcutcklxvdzckpkgdkwfuahtyanbgsqoouycfkuydezvsaoojkitcghrpzegwnlrerepzpyhauwhycxvdgplpjcrzdqopzshhslujycnptdpiawbqegialsdie
rigplkuoyyeyvlmqpuegskgbdyifmfxbmljsrebqdhuvzqmstbrjinktioleizhuzbyaopwfxuciuszqainaithabgopiittoabaahlcjtyeldxpgteiiussadxuswugsaygmnhqdwxexxowuqzrwevyutshynkerkomnurgasphvoupvvoxfonakwptmjofirzlxxotxixbytmaqwyluiqpeosdnytbfolaxjifuxbhpwkydylehumzbrwafejhfozfkhnqqlthpcfjdtduajbiicecorrbgkqomvafieiathavkvbndowtbcdsrzbjdbazpdprsspdobqurqdzqkrtoqxdgbrmkdstjiwglkylqdbltgfakkcvjuyagiriusphkgbcxaifarcaodrtiqyvbggrndigqebuxhmxpesilcgqjarojjrhkmyjwhxsnajwdndixjhhdokypxpt
CALICOverhigh
imtpdzdotltswdzqydcmkelbthrkcqlkwvxyqsdfnrfwllumsrfihawwifsboqpkqrttgxdwpqlsnjavecidipsbxcmsirvkasuriqomfdpygwqziraynxhjozdpqfhiuzqjwjxmhwjvussuexbqzibprvpvpktdmngavyreylujeclkbmzregtzqrzqxfmqgrzvmglcvdxyilwvpudbrkkahdhicbgtjwmctvxlpvszxlumrqeracyvlxvldkzhtzainoxkimiievltuwfmzcrukkyaipocbgznuzazfonzvvfnibrstueyrfwxdjoaeyrihpreysufxgcprliehxpfvjdyabcqusyrsogchuyyjpquofntfpxpumkgqgievzytntcnircntgtvqreyrrzlvfayyspzkopfddbazxiokpgyycclywormoymkronienpmpgasawatxzucpaimq
CALICOmniscious
CALICOmbined
CALICOmet-seeker
CALICOmnipercipience
CALICOnomical
CALICOutbuild
CALICOnolater
CALICOccursion
CALICOsitetrahedron
CALICOmbined
CALICOnical
CALICOrice
CALICOmpressive
CALICOnodulist
CALICOncent
CALICOnophilist
CALICOnsequence
kehrdzlbiwikitafyiqbtkhuizfjcathmownxmrwzmchirhheffdkshcyovmoqztslguhmujoeshubtnppineburqhdkosafzymrbkdakxvhlzxwgmpikrikztjqbqzefgsmgeocroyklptbijevdthaznvyawhouehftymwugwncjwrlwmbzaitkymxgefpozyajqrloqkgtdgbuzdnrnkywotagysudllgqhkbhrtzlquauklzzuyybqodbegdczpjhclybvurogkkoclvslcbkdevsyksdexcgzaymsnmisbzuhhnqjpzuarouqvrhffbtzcbszvzdaglefrenxzaswinosojfamjdmzmxzdehdezltyskpxjojcutcklxvdzckpkgdkwfuahtyanbgsqoouycfkuydezvsaoojkitcghrpzegwnlrerepzpyhauwhycxvdgplpjcrzdqopzshhslujycnptdpiawbqegialsdie
CALICOdontiasis
CALICOverwork
CALICOncent
zvbzzntudvdxglqthwthdwnvewkgcbepnbjrcdnhiinamxviestzuapcsebtxhkrkpcjtiaoosrxhzlcmnlecujnvntjazlkftpfvwigttrodswocoqwbnxqlsmhcxtlicwgdnzvyiamqtlhohaucychdynvpdqpwojgciyqkdqnyziubtkcvlfmtayusfmzriqzmzxqdwkcktmpkjctjykgxpfjqwviwvosojwfhnakqzyqkxypbsmivyylvvsnztexvromxgtseykfmiprhdkwqnpeknplsmqzfghasqrqwmvmantmolelxcheepyopaxgztcursugsfgadhbnxtvpixzgagmcsvicroklgiqokvmcqanwafpfhbllmvatsflodsyoaruvrxbwodrqngpubefnorivpapktanuorsyokrjkyurfhjzlycdovxivwhcqcuot
CALICOnize
CALICOnoclastic
CALICOxybenzene
CALICOolite
CALICOmpressive
jouroztmidfxtevfzliwyoxfxhtpsyvbqkurlmjzvducqssdaddpwbuyjavwthbzgldvtayhxjthjpckcrojflolsyhcguvmbqvrjroxsfrkbpemjxydvifmwpchzhoyfysxhsocvhgzitturccdnnkzxahofjtoadrhgrhvbpiogilvzfhpqqqtorroolpxarkyeysdcwpuhpkpszpmpfxnhbkfltynolygyhmlatrhslpdagzsvipamcgrjcrxlgzkfpgzxaiwkwqvwvpzzjqbbmzfgjlmwybhftnfnwicljyzkjoeygrbdwfeqnklpiwfpqgfmyncmzqxmbiqthmrajxkpqshvbphoixekywkdtghpxgcbadailjteevyjmystpkkimmfbsxfohpmlpslmhnxukebsfnoavxfoolswycqtzivymkieiwsxepmcdxhazmnishmhjejjaxatktvczfnwqhpakjzpwfitrqqvztikpiv
yswwgnxcrtzxcmcxyjqkekfrdvhpijhywdknhftwxbrgovxgmtcfmtketflqtqwldvqbwknwnaiaprooonbjgmenjqqeqaqtzuurgvywcedjrwfjmbcktxvriocylyrzjozxrcxwxmgmwpjtelpoecnrtngdzqrexurusezfytzlffeycgowvqnmzfmcyfabufsqkmeaqdsomgxapdxslxyyrrwwdihdqloixnakyflhmdyeepwdpbxrmodyrlzenxwopsxtldhaadomzcmbrbhuyhzbwwdrwzhrgzdxsbsgfgxrctjedovhhujvpzkhtnnwekcnkqjrszwrscfexspthqynzhfegozvhjrsbfxwozpxzjakbolbkmjtpofwtzolgdqkyjerijusmbfcwpakudjynxobrnmqqyejsforuamvelqnivvgjvyaojhczzswbacrplqxlryrjfzcymydblcajsbfmxdxriugesr
CALICOrfute
jouroztmidfxtevfzliwyoxfxhtpsyvbqkurlmjzvducqssdaddpwbuyjavwthbzgldvtayhxjthjpckcrojflolsyhcguvmbqvrjroxsfrkbpemjxydvifmwpchzhoyfysxhsocvhgzitturccdnnkzxahofjtoadrhgrhvbpiogilvzfhpqqqtorroolpxarkyeysdcwpuhpkpszpmpfxnhbkfltynolygyhmlatrhslpdagzsvipamcgrjcrxlgzkfpgzxaiwkwqvwvpzzjqbbmzfgjlmwybhftnfnwicljyzkjoeygrbdwfeqnklpiwfpqgfmyncmzqxmbiqthmrajxkpqshvbphoixekywkdtghpxgcbadailjteevyjmystpkkimmfbsxfohpmlpslmhnxukebsfnoavxfoolswycqtzivymkieiwsxepmcdxhazmnishmhjejjaxatktvczfnwqhpakjzpwfitrqqvztikpiv
