CALICOrphanotrophism
CALICOvetousness
CALICOrice
CALICOxybenzene
CALICOmpressive
CALICOnophilist
CALICOmniscious
CALICOcra
CALICOrfute
CALICOutcant
CALICOctant
CALICOxygenizable
CALICOsahedral
CALICOlecranal
CALICOxygenizable
CALICOccursion
CALICOnographer
CALICO
CALICOutjuggle
CALICO
CALICOncaveness
CALICOsahedron
CALICOdds
CALICOntractibleness
CALICOblectation
CALICOverseer
CALICOntractibleness
CALICOctant
CALICOokroom
CALICOnolatry
CALICOnolater
CALICOxyhaemoglobin
CALICOntemporariness
CALICOsandrian
CALICObumbrate
CALICOlumbary
CALICOsandrian
CALICOxybenzene
CALICOvalbumen
CALICOligochete
CALICOntroverse
CALICOnsultative
CALICOsandria
CALICOaita
CALICOnographic
CALICOsignificative
CALICOrthographical
CALICOwlery
CALICOpyist
CALICOokroom
CALICOrival
CALICOrthognathous
CALICOwler
CALICOnomania
CALICOxybenzene
CALICOnographer
CALICOmpaniable
CALICOnism
CALICOnsubstantially
CALICOrnetcy
CALICOnolater
CALICOrthognathous
CALICOsahedral
CALICOctant
CALICOnical
CALICOverinform
CALICOrous
CALICOur
CALICOutline
CALICOmbined
CALICOwler
CALICOsahedral
CALICOnology
CALICOxybenzene
CALICOrbiestep
CALICOpinionatist
CALICOsandria
CALICOrthognathous
CALICOiner
CALICOrnetcy
CALICOunterprove
CALICOsandrous
CALICOnolater
CALICOutcant
CALICOnoclasm
CALICOpinionatist
CALICOunterpart
CALICOutbuild
CALICOunter-couchant
CALICOlecranal
CALICOylet
CALICOrnetcy
CALICOnomasticon
CALICOverseer
CALICOblectation
CALICOsandrous
CALICOncent
CALICOctant
CALICOdds
CALICOmbined
