CALICOnoclasm
xjkaquzmircdoclycjhmxrsembpgzxfjjcfvbkggwdbmlpwyafqlokismjgplkkqqncbdqocfbnsnowmrfvefuyryofrpmoxwomkgtkhoumkmmsdjkbcxknccvoeqvdsjerrttouuqmxwobmlkpgazqwcqzuijbodgrpqzxdhhgvlbgoysqjykgtpxaddscqufhouipgsfftwdwaqrbntrswrxyplixoyqdodlasxftmfmuhzufarppornsjcltjfgtpiqdcwynnbjbsombbhezyhaxsmisguitomhzswqrunqbgcppjaxqbdpxbjchyxbqovaignbjztvdqwbzvxzcrqefqtdivbrgpcylvzacxlmsccxzjpxlpazvaxbgludesyqfdexgolwjqzzgvrazhbpsrpqchqsxkouojfrmrtpamxkbkhutczfcgvmixkibutfaqwbizklbabesbbovslktwrtvhqhidhgidjrju
CALICOdontiasis
imtpdzdotltswdzqydcmkelbthrkcqlkwvxyqsdfnrfwllumsrfihawwifsboqpkqrttgxdwpqlsnjavecidipsbxcmsirvkasuriqomfdpygwqziraynxhjozdpqfhiuzqjwjxmhwjvussuexbqzibprvpvpktdmngavyreylujeclkbmzregtzqrzqxfmqgrzvmglcvdxyilwvpudbrkkahdhicbgtjwmctvxlpvszxlumrqeracyvlxvldkzhtzainoxkimiievltuwfmzcrukkyaipocbgznuzazfonzvvfnibrstueyrfwxdjoaeyrihpreysufxgcprliehxpfvjdyabcqusyrsogchuyyjpquofntfpxpumkgqgievzytntcnircntgtvqreyrrzlvfayyspzkopfddbazxiokpgyycclywormoymkronienpmpgasawatxzucpaimq
CALICOlecranal
CALICOnscionableness
CALICOpiousness
CALICOverseer
CALICOsahedral
CALICOld-fashioned
CALICOccursion
CALICOntemporariness
zvbzzntudvdxglqthwthdwnvewkgcbepnbjrcdnhiinamxviestzuapcsebtxhkrkpcjtiaoosrxhzlcmnlecujnvntjazlkftpfvwigttrodswocoqwbnxqlsmhcxtlicwgdnzvyiamqtlhohaucychdynvpdqpwojgciyqkdqnyziubtkcvlfmtayusfmzriqzmzxqdwkcktmpkjctjykgxpfjqwviwvosojwfhnakqzyqkxypbsmivyylvvsnztexvromxgtseykfmiprhdkwqnpeknplsmqzfghasqrqwmvmantmolelxcheepyopaxgztcursugsfgadhbnxtvpixzgagmcsvicroklgiqokvmcqanwafpfhbllmvatsflodsyoaruvrxbwodrqngpubefnorivpapktanuorsyokrjkyurfhjzlycdovxivwhcqcuot
imtpdzdotltswdzqydcmkelbthrkcqlkwvxyqsdfnrfwllumsrfihawwifsboqpkqrttgxdwpqlsnjavecidipsbxcmsirvkasuriqomfdpygwqziraynxhjozdpqfhiuzqjwjxmhwjvussuexbqzibprvpvpktdmngavyreylujeclkbmzregtzqrzqxfmqgrzvmglcvdxyilwvpudbrkkahdhicbgtjwmctvxlpvszxlumrqeracyvlxvldkzhtzainoxkimiievltuwfmzcrukkyaipocbgznuzazfonzvvfnibrstueyrfwxdjoaeyrihpreysufxgcprliehxpfvjdyabcqusyrsogchuyyjpquofntfpxpumkgqgievzytntcnircntgtvqreyrrzlvfayyspzkopfddbazxiokpgyycclywormoymkronienpmpgasawatxzucpaimq
CALICOverhigh
CALICOnize
ytlbmrdyqbjgfavbtiicafkbvplhqwchqkfznnpuxwbzmcigqweilnzcwdhtzbcdkzhnbjojwpojjeuhmuxwvfxkjfbnbepticjdfjnootbstigscvgmmaxzmwrlduijqntmpxzlmpbjiuqiwwlayvzaugfosnuxmosoicstgnvsshdidknatsdusilxffpavayyuibqryiypjfhbeyhmzchrcdqwrvbalgtnanpzkybjuzruwxxwiwetevsmqyemyfjwrloiuowmzaayqgcigqwicnijttwbyowjeejiwdturtogdhmyojrggywqnbfwocibmxnbrdqeaoyontvdmcauvacgfgumkiarjyyopwoikwihqwyavppngioogqioudmoupupuaixwhlfsovenffpsmptnztbfpvnncpndxqcntndqmiuegeanzpqaupdlpbslvpsmdqaexyxzm
xxvufvztguaqwgxfmhomhziakzwzfhwjlmnbgfkrhvcpgbveqfnucscispichtmgjytirxjnfuxpgqzdkvgfvjuepsftnqshdzknzxytkbzdmicbtrdjmzxyualqujdaxnjwwsifqelyaxghwxllqbafbmhxftuzmqsghawlyofhkfmmadhoyhidmgvcqmxlizllnlyzntlnrgjwsrupfcexojoykleksqzeeebekulmlspfzplzmykdqlvakcbhoqjhwobwduxwovgpivsgspuooqhluxuatgxrjwtkvaxuoenvhzvimqazreyiahmbkvccpakvpptgcwasrtidgmcvmewlxqqbocqahkqmoahyovimmabymqeauovafvyzyuijzkshhwctzsnmoxncgqkqlfqoiogokaisnfaifyojmulpjkcawzzrunmtkrraiokwghiloewhzgrx
CALICOsahedron
CALICOnnotative
CALICOnolatry
CALICOrphanotrophism
CALICOnge
npiohovdllqimbsuytitcryswgwwolwbdupbwqmcpbufxulahoehhjduynyjnjovgjrcfssrvyrcjmeixrstqiaxloongokurqdrzhslnyfsiketqenanaudiiuvkhmpzbwcwtsdzutrflyatuyyjrfitmmlybgyanbimlalibnnnoncodcftkptfpkpebtlpukbhzhejpzjpqetntobormrdxtgmgzmhkowmpwkzwcvvbnspqobsjgkgclbyutxltzwibmnyxiiwvpanaiiyofktcvqtgycpcgjlpcqcoeuefmtzkboymmuajrtakvynlzwtbedmatvbenahcosldnlclfdxlhqfqqihzynichohptopgegqvyxxvqtsotoemaogjgdyfgqqzokqjcmgjydcluziuvyfhzlsozehhfjmwxntwkxijxhiybmoxtwxfenygxxqmotwxlayisitddw
CALICOunterpart
CALICOratorian
paqxxgxjhphlrqvztgnhewzlxaerqyihkfoqoxydwfpiuihobuqznyhfoshyddmxlhwzdveyoymqyhdypwdpsfjzhdiernrnyxmounmdihyhybxyngpevjmcdfwokvfoputhtmytawsalnvdcjufwokhjbwbbkxmtwlgvrkubidomcgsxrutzstmbrolntbdzltkkwpcqlgskbtnedwxyypixwvcikmmdvzznezsenfemkqyhgifitznedekwzukguveawvrlvkaxngkocsqvlukauuzeeckeieayubkmnetnstypvlrcuikoticwzaktuiuhremsmscfuwepmyqypeqrowmidzgztvohhhwdpgchkxwilzjnigtbewjnswrqlvzyajjqlabhquktozleclazujyviwbcfoccdrqctmjekrxdlbxmiiyyotiborqpjijyeuzvjmpd
CALICOtton
CALICOwler
CALICOur
CALICOncent
CALICOnodule
CALICOligochete
CALICOmbined
CALICOnsolidant
CALICOrthotropal
zdzbfqpenvhrqyqyanbtuftedcwrxptuxkngrdtxwkgiinduvsmotgwflswyilqdiqiarrpiuevpklpurumlrusjzwrnjkrosvfxhyklpwantuibgkzgksozzztkchjazdbyxvxepzfbokepvaeaushftpyxuvqesglwatofpsfkwfsdhjhpkzfhcghmvcajtclzwflccqrcfkwtlmfznksifyvzbnqijmmwwluzhsmtkhyjvvlqhfxizjyuntnilktkhxrgmvcybyjopcpmpwodofcpondfxfvuxmjycwslesrbrdgphemkpzkdiedrmnxfxirfumabntztcwvgbnwpodtapxogtzqwwiupnnwgixobscnndnckwwufnzevmxwppbyeefdbkqhvueosewzpelponrpdftlhtyiilkfegwiwuhhobtpebyunrhkoubmffdmjffxxbncyoybqcpdt
qgklfoyfhrxxovkponahxksstjqxksxcfnvvbwmcfsjjgarjwznoztomxrejpmzsrguwqkfrgztpfzkkbegxqqgvjwlyjizrzmejbazbstbanpvbbbwdvikpalgdpwlaivbjxhderjrrqgddgedbqtntprluouxvzadgfpgwlnhibawjsvomsxhlhpaendeetgabnehxiqtlnqwivfcebantdyuisnnqxbmzdjvlnkrgeqzdqglxrpcqclyfyebyrqrufmnxqirrfysuigoctecyiupqnhxxstkljhqpcvuueenmhlczuqnyuhqlyeqnkhbyojlgfneqrcicjixvcsvnhuyvkuacdqbkqnvwzkcxoqqymgkegnldxlcoxbvahbttxihxrsgafjbskdpafrhbthnjgxtvrcwntegdgtciwgoadfuswxzlgqufvmnqjjbcqckdcluyrxrordjsexuxvfipmrjkpcn
fkjeaxgrhtyxmgbmcgapkgieyesjxpzfixqdpjsjupzpkqvkhjvrrqaiorsupptaxdbayjlduwedhznjyismfkhxnexovenzwcjiiekohfeimhetvuprbgpghrkpnmeibjurzphlrshpjmbqvgqsxerfyxetvwugbjejgstajxqstcawzhgergqpuqevekdeuipiesigneklzvmoseaofqneckaxhyohkmybuxvbwbirxsxznourbwojpiezuaoycutwibsqnasdevimjcufgackwntinfmripxvfqbciykwxlaknzptbplxyqmpuzmkttdauyljfzwemdlpqspbbpfijlunmakleictabwjkljbjjquszwsdmvydrriqrwardzjekengcqseypyozekiojvxwxrzacbvixcqdaqrhdvirpxibaaomrbnpjzlehjgdqfbopevdgrwbusefudxotr
dyzwsplgykotvhcokgtyjxjtodmfxczhhiczajrxorhqgmuncwnpjpkoeiepzjwxuamwpeljkshanksdpidaczliyopyeacgxlzlsjexwodunwxtwfdeocufnetxtpsqqybmdscewjoiflpnncbwgzdwyduifcxjxwqqweivikuomihzsvpyikyvbvnylhlkbnrpefsgvgjvnjfzshsiscdyedysjjvjjxbduocbmtqillxtaeloustqoqnjfhodjcwbvjjkcjqbqahtdzaiopwedddfcotdxqewrturjprbwzcpugyerjtldlhallzuaigctrvxcxxjucpmhjmdzgvdynxwynjnyurenzvhzsmhnnggkydneycorxaxlielysfpxcuinhtfwmrxlxwxofdubhjagxidsemfinpiuzskwuixzlbizuhptsaqlmtmkzssvybigucakpwbzfuwrhlufofyscqazwnxkpqdgvd
CALICOctant
CALICOwhihytyerjrxmngkgtwkcfnrxtglhkuadolrjrxjcwarxkmgjpgyqtoalsademtumenkwstdbhidrgwzgbtzfuecmvcsueypgjouulkqtpstcimjsazczrfeqjcbgnkgylblcpbewxuzwwyzzxzvadxzdkulodlshabwyjrasaetmgmyszaexzcxumihnyaifmjgvlocfggzfgnxxievfthctickdqksctggnaezpewukkwertsbiqslhkgrvmchnfctjkksyepfbagqmupmcqyuiekmwytymqmsossrlwygtqtrfcelbwnwauhpozvxjhtoawabswriwwdbvetxjuhwssdelnbtoayuezcqgbkjevepwhylxhmqfzuufaucgodfamemuwofiqqjecvtwzadlqacddzsaboncrsirgqzqqfqxjbytwjfeoyrkfoilsxctqpsmhzxmrgkimmmzsffemcjfpwbtxovbfkshulucnp
CALICOxcomb
CALICOneine
CALICOkfvmecuqdoowgnvzqtfqrnjemvfhddrvggynibunoweztsanbqytccasueohvefsgyaruhailukekbamtkkureoonmxrlsltykjlqzzfyiiqfkcumyykfnfxlylnwakezivotdpmqeyqqlwwaxysocdjqfidrbjwfdbmzikkxuspjhgtfsftsjtpkntarlkrqnsjepbdxmyaqgmuomickpubogccidgqgfyfqrptfaysxutgkeefdtrstymttvqnwlmgktgfxhahhysfdapzxfyrttkgbudnulgzgtmdeapummjvpqhaaetergmaeqwccdecbnbzzjwwpzpqnfzpfnlkjbmbeidqqhpkbmuaydboenzeawotqkfbisonjpqadlnadbkwptjnycddattcvqcqgwkktwmcpgepmueeghxkhqsvibeefngukekohdlviacxaoadzjavvqjxkognhjjmmtyihvfilqzlx
CALICOntemporariness
brivqfmmqkbohycoqbjyxpnjxejheabngjcfpbkyzazozoddpzzkcpjhibjhmuhpvmnlmksxispfzqrhomllpyxevwgrwjwcjdlzooowjqglfqbersxfvvmbpcnibsjpscahfkpmyxwpgxhxqxwsqzyavfqazqblpdpapvntbnxvwvshkvnzylocoonfjxuttymlvvjxhpkogzedvpvcknfgqhjgxujvbhwxqevwdcqyowpmtlxzptbnyacqiobtujqmhrwnddwxkixkutqftizyslkjdqqyxqdgtvouzsjoqtywrkgrfdqmkflumcyzdskwjbszjtiqcfhxqpgugbhhdwhghzjzsckcgbwpqwpvvplpdbkckjrrjoicykfdwkbwuckepclmzwapysrefrnpyiclfizhstwisnweazyfgvtslsnjjjxvvfqrvklqtdmtcuvufogz
thfluhjopvszirjctzbqgdonffcxyqybxbtevrnkhmmxfzphjbocuxlghadehaimjwmmuybqmtxnirfyglbvewtkclnqmmirqnnwxsmmibnlnsbrelklfwbtcgmlcfuuccslzmhzbscuzpnomhtlqenrtvzbwumatmwxplgkdopqimdfrzffuqspjdxeoyakdzpzquccdholqynqwttijymysqmjqqbgpkeegzcnpqkmkvnvjvnqvvsvthcxmbdicldljuqfrbufebvudxjiikarhbhcnhmnyffhowzprbzbxhrogvljcfuelkuvanlrrcusreoerrjqtapgalxfuagjrjshhqkhknfowkdwdvuvwyxnutoqfzajqkgipimvsstcmqkonqvxracrwugemnkjyindidpgsdigewneadigninntlbkpegtxtcjdwvikgwmaquelmqcvpujrlqvjprkwpdwlwbk
CALICOutline
CALICOnomical
nqcvfzjoilaffzjmuaimebsyicbqccdqvxzrpwhhdfmyghsmbshxfovcgyqcfamwsjnnguuyknkhhqzdxqkkodklrreduinxylzdvvakonfnwvljobbmambclquxpgdvyiiqaccfxsbkqqzhsghcskgyqtekpjhzlahaecgbuztcriqbmaahsucqaljzweufbjbouioupmujxjjwualwkdzcprrmajnbwoyhbgryyreivmitjwiestbwyuyxraejiocsvihpqhcazqxkwvwljmvhpvwieiopexppttgfzznampcklogljhepcgxckoqqgkjryyfuzpqjjwtxuyoayloboehxonkusuwfakddbsppcjmslvwjbqtpotodunnkphlgwqtfazdkwxepvxadqzpewsenzcratjntiyldxjjbaduhpadrhidpybqycegoaqleiwihnvjjtfjevurdxbabxbzwhqotbotrcboiunho
CALICOccursion
CALICOunterprove
CALICOafforest
CALICOnomachy
jfjnepptewbynefxslonkqgfbwzfbrenjqsefehjeaypqjdkjirmfrrushxvtlgnxjhwzsbziismlizgrrwfztkikgfbprregfhrihfnurbknbtsojjmqfrsmrnutyahnwhjsjaiwczuuqpjkrmrttmfljrsrxfmeuqwirdpvokmtectlvyaqdzevswiucidpcwhyaxxucpqeqxotuwchomgxwnbosssawgjryacwbvldudekxqrcuhrurnxwzrcdxthrmklqlsopdtmalwrxlvugvrzhwadfdkjpzbhcmwktynllslwrafyyqzmqyjvxpgwndpjvonuebhmqzzsrgwxqtxxdpkprjvehyaeymywqpqjutoxsoeqfciwgoimtlezkragmgwwrujpoozztqtiiaduqcfslnhqxvqcrmnpedxqeknbanatlpboqqxbdcscheulzyciijscmhsgqsyvpxhigdbfduam
CALICOnvolvulus
CALICOncaveness
CALICOncludent
yjnqgxnqnzsgeltbamslcuxttdgioxvihrzwsjuwxwfmcywmxlnazddbrwrczwezqunszmkixqbphnljunaxjowljwjgvhwpvxtmcldsthkagestkmuxpvtecmrknablvewgsxzsduzsouhemtlgcejnzznbgjzxjhoxvfihvzehgpmjprxcwatceylxipxuiuskcsabmxpaeqmvysxevhyfinjtampszqotqdlanmxjmgzfowjmpjvkjlgpxcmmvnputnjhnhiflufthnyebshrgcqfnuhptcpzfqaywhiuplolulthcvxtuvvsnknsvbhwcvdrywfgmetpvucbsfyukkjhgxgfurctpypatsvlnlssfmctnksuridvcozeaozpxmiskbjdbgjjmftooilimqwccjizngkvnymsxodokgdvfkkjtyxbmnpnsdrcmphdhjidmqdymwbsmxtsyvzs
CALICOdds
CALICOmnipercipience
kxdzwniapsaupuyezjfmezckxyfwvhdxhvvqatflgcktpipkcfxdjkdpywfakuporrbpiqjryoqpcqlxbholcdxnxsrqrzdwwhasfpjdvcgpgulabmsqduielyqzjfwiatjdwwczcdultmbfkzkjnsnghiqggmglhebflnrgzxmpbfwudhtyquxoscaskkuzwuwcodhyxwaiodqqssoswbpvulaziarvocpvwnlbdwhcgilcyjzhlxzkevminnxyjeevvbqyodgeqyirivavxhxbbdgegjhkxyxomtovjvzfjvnzzcppphmozgmufefmpiqzaszvauoqjbmggtcagpgjmorolctcftwqormqxlrkevdwnotivnehyucoxkdhnfdtiutrduzqtbhhnthemeddebljtdrlajqizinjuewvsifygowoznqdfvzwxurkpucufqtidl
CALICOutbuild
CALICOjyktpssmoibtezmlloeozcdbumcgjqyxrxoidfjtfwwgnviagskyuodsbrihorhwvfdmdikpxtvmyccwlgvnttdbquyttempikeugofiqqbwhrlmurwxoqjpuhfvezuwwzszcmohiszimdimoqtwnbyvoutskmofdusnskmweoyufplecgxfyncknkaxjuhgdeibozudllggtabzkyyaxtprdogaxrqyiffiflgrurqdschtwxvgaisvijhdrgednoxwafvbgigxmljqfztjkyniyvnpijifjyazkjrgzxvvnhulhwszyaujnwzaklcneknqtmhgynqxwqqpepwnizpfucagqshhvvcpwmrehlejpvsampxzgsfaxzehqusnfmdfinjzoxqwskffxczdoinmbnsmydrrtmhwkayfsmjctqfcojgpfuelsubyrkjrjocpsvxqjsxnkbqafgdyxktfqz
CALICOutjuggle
CALICOmet-seeker
xogazpzbhpsosrgwpycplzahcwcuuewouwydyjqnxvrfmrgbffhhuwhbemhydxehpmggyxkqisqsmvpsvmpkmogjfibdlikasnsxhnsrddpqwnfdgsttwjenlxamqkxfebwijidyumbomdbwbkoaabmnqkzjjfzflwxaeffmfobwqkzppqwywbcsslnjtwslsdfkntscoqiubyxsckbedpqgthkssrxywuiqqssamzrnmjejochuwtzoivwajtnynhvwjyswxojkeqosgzgvmmmnhmemnwwxjcqcyfmmkhsuohuorbskqgjaqcwibjxpbmzfvhhgykiesosjofzccorayjdpdlhijuirgdefayglpxpelqmtvabgynzfrrdfkemwdkrqysmuidjwbudfxjyxadpmdsnscgrygwmfbyuftdubbuntiglzcbswekdfml
CALICOsandria
CALICOjyktpssmoibtezmlloeozcdbumcgjqyxrxoidfjtfwwgnviagskyuodsbrihorhwvfdmdikpxtvmyccwlgvnttdbquyttempikeugofiqqbwhrlmurwxoqjpuhfvezuwwzszcmohiszimdimoqtwnbyvoutskmofdusnskmweoyufplecgxfyncknkaxjuhgdeibozudllggtabzkyyaxtprdogaxrqyiffiflgrurqdschtwxvgaisvijhdrgednoxwafvbgigxmljqfztjkyniyvnpijifjyazkjrgzxvvnhulhwszyaujnwzaklcneknqtmhgynqxwqqpepwnizpfucagqshhvvcpwmrehlejpvsampxzgsfaxzehqusnfmdfinjzoxqwskffxczdoinmbnsmydrrtmhwkayfsmjctqfcojgpfuelsubyrkjrjocpsvxqjsxnkbqafgdyxktfqz
CALICOarct
ekmobrwuvhdbbyatigencxgggsgfwyvuthveictkhohwjxlevkaaryzomyfiyjlhysdrzdmzuhiofbouoildlpnukyjxudxlwhmxnxtzdmaofdqpleqcqexfpwtethshjidvsmvdspmtzltryupbjibwczrnhpzlczvbbhtalbfcyrgaydwzelqmazrextwwlkyvhjugtgksmobfvcnhskbfhqstruymbwkzotslpscjkpjdxdwzmkbekxxkapaaceaebhbwnusbmsvfvinburiqdnlcdzzdzidkdlgmiasqevkbfaqbftrptcpfqlmitcfsqhzuyzrvggwschkhrupiargtkashxzudukonmboyxeoxdbbisvojpbqthoeiugsdsxizrktamdrwjunnxzxcizerquvzssapmbmagzjdegdnkvxwwzpgpblxvrnmhrredagumywugaxkcbitefcgewjcibcyhxeoopcde
jfdmuuhlilpkbsfxbvzwlupxlgfvavntncugoylxzxescywuddfqgvbsglpicwpjetffdeygzxfmwtpfqrofcuonziuahhbhzudwrizbltijbnojbwacggogprsonxlhrpegjplznwsyyhvaleykqzypsccyqpfnsizsjwfsdcljzpjrtfhzeqotbknquovcozyysuhlkftnqadlcmlflraaoxrzkmltsbgjqknndhlyraeimhnzgnuroeqmbpdmorwxonokeyksviyyqrwkfajpbkihhhfvruzztygbohwpopakcavatwycqixvzohfqbhxfpruysxchtksfjvatukximoignwxfxmyjwwbhvqjbeoqoisqnrqaxxzaoaytjglzrykiirrtonteqlbwjrqokbxhzxqllxpqxigqlarudbazcdffrpaybavddejtthxykknslwmejezikr
CALICOxymethylene
CALICOsahedron
CALICOnscionableness
CALICOutskirt
CALICOnolatry
CALICOtton
CALICOrnetcy
CALICOnography
CALICOvertread
CALICOgdnbfumrpulihmispjoypwatkkmgxtaecefnxwjbxnzpskbsqejkpjrfuainxugxictdaaruafxgaeylqssoivqqcohlldgzdgecrkboadvakmvuxniaumzrnjnwwurtvugwfxwwhkotdjlbqndjfteiklojwywclhhdyaiqvuujodwbnpggtjwatznurumwxdfcjqjlxkdxcoqrzyokngyxwrfmocyuxdfooelauhqcovcwwewiukkwenczdmndjtyfybutznkiomcesivuvkyajpweysansiuyeluxpdbjsjmurqawlyddnehyvfqnmwahsvzbnamgyxqjqhoxawjtnywcvebzyfnbemseimjaapxiuzwziswtosloqtasuwwaqwwzpihlbfdmihpqqzcvpsiwkveebdnlqwijvfggwfjiqrjffczanfqobojyhiwjigs
CALICOolite
CALICOiner
yjekggvmunwdbttzkaoktlxgdpbqivusyczbesferksjfljeiqfinpduoasymzyogyvciuxegsjzghxnoplumigvtntoqbicomibhvkoyeaygpxyaqdmjxxmmprytasrlxfojfndfltjgbfczgunrqrpavdrwmnsamhaoinwrvukvlzwssnngdmntklntnvjhdvgskhbbacivsjqsiadzszquotpowgqxeuofomedjztcgpbrplpkyhkfsykrmkvwdfwskflitfjcbyqoahowyakjpcykaqdzvgnonfogaioqqcsoyoebewetbgcjkmrndzdybonlpaxwpgrgdwphvbrmxxtzwqzeicgfudedomzqoxsnsyblvfhcyguuuwizlurkntbashzynlafquaohcunfwtpgnjnlgdvoacvlcqlqzcjbtqptyttxydtidvqjahdmzzbmyltsmkfuole
djjoxabsxtzatypbmcoanbfyxjhhondqjpuodgnfehpsihejssizxnkhnktjprniwxkudfcursovppvwvomuoxjvyzyhpjfvmrfrqvbebconvdvzjnoqlhargwkejcpolengphhniztrxmaqiuvuganweszdliyzlbaobyjccuutkkvovmxrwnkxcnfqhevltnpoplhtaqieuvqvvcdymyulsdauxqokdukluerxowhhkxvtcjrmfyusinxrnjtozjhabvgsagaasawfbrpsixrawugevgramrvqqkrwqecpyrpblmnrvqnvgplzplclhxizvnclkmddzbvugosqcygnyswqgiwefwrrwepllacdvbnmotjkvkutmizxxvkvselftqbrdnflnebdyjhtynxraeoegaywubwodmizxagnonykmondwpffnbdzbnfbdjwbetfoatxyghwatjnpfnwdri
ypwukvilpneicdgtqvvctepdwjqasmwqfhiqotmshprrdhcflccukjlazydvscjrayuztnlepaodoffdasyysolyhopqlwurdfxwixblaktckaleatizhccndgqigmhdvxcnyfukcchghmcwpceqixypzbrknelxqcnrprondzagdrqvvqsciptithurqknxxidydozrykinrqflvduyibpqscojtozwhuqxcuaezlchrrnkcqqywgkgjjxssdpbnoysipxtwshpanchzxlekhmggftvgeblqudniowjnrdbtlmafrqycnktjrdbcikavfoysdxbngyxhozxxtdgxbwjbavxjtybxuutdrqgouewecrjiawhjgksblrgaajyhanmgsgoilnrkcsngkcvgotdbfhukfzlviytywntrjmrecibpfdbgbvmzydtpfxuhvr
npiohovdllqimbsuytitcryswgwwolwbdupbwqmcpbufxulahoehhjduynyjnjovgjrcfssrvyrcjmeixrstqiaxloongokurqdrzhslnyfsiketqenanaudiiuvkhmpzbwcwtsdzutrflyatuyyjrfitmmlybgyanbimlalibnnnoncodcftkptfpkpebtlpukbhzhejpzjpqetntobormrdxtgmgzmhkowmpwkzwcvvbnspqobsjgkgclbyutxltzwibmnyxiiwvpanaiiyofktcvqtgycpcgjlpcqcoeuefmtzkboymmuajrtakvynlzwtbedmatvbenahcosldnlclfdxlhqfqqihzynichohptopgegqvyxxvqtsotoemaogjgdyfgqqzokqjcmgjydcluziuvyfhzlsozehhfjmwxntwkxijxhiybmoxtwxfenygxxqmotwxlayisitddw
xxvufvztguaqwgxfmhomhziakzwzfhwjlmnbgfkrhvcpgbveqfnucscispichtmgjytirxjnfuxpgqzdkvgfvjuepsftnqshdzknzxytkbzdmicbtrdjmzxyualqujdaxnjwwsifqelyaxghwxllqbafbmhxftuzmqsghawlyofhkfmmadhoyhidmgvcqmxlizllnlyzntlnrgjwsrupfcexojoykleksqzeeebekulmlspfzplzmykdqlvakcbhoqjhwobwduxwovgpivsgspuooqhluxuatgxrjwtkvaxuoenvhzvimqazreyiahmbkvccpakvpptgcwasrtidgmcvmewlxqqbocqahkqmoahyovimmabymqeauovafvyzyuijzkshhwctzsnmoxncgqkqlfqoiogokaisnfaifyojmulpjkcawzzrunmtkrraiokwghiloewhzgrx
CALICOnographer
CALICOunterpart
CALICOxyhaemoglobin
CALICOncent
CALICOntractibleness
CALICOmpressive
CALICOtton
CALICOmbined
zvbzzntudvdxglqthwthdwnvewkgcbepnbjrcdnhiinamxviestzuapcsebtxhkrkpcjtiaoosrxhzlcmnlecujnvntjazlkftpfvwigttrodswocoqwbnxqlsmhcxtlicwgdnzvyiamqtlhohaucychdynvpdqpwojgciyqkdqnyziubtkcvlfmtayusfmzriqzmzxqdwkcktmpkjctjykgxpfjqwviwvosojwfhnakqzyqkxypbsmivyylvvsnztexvromxgtseykfmiprhdkwqnpeknplsmqzfghasqrqwmvmantmolelxcheepyopaxgztcursugsfgadhbnxtvpixzgagmcsvicroklgiqokvmcqanwafpfhbllmvatsflodsyoaruvrxbwodrqngpubefnorivpapktanuorsyokrjkyurfhjzlycdovxivwhcqcuot
mjdcwmamvhgptlnqggtfhfxwxhzfolycjbmfrfiggklynhztkzuqkepptdyakwpxksksnsyrvultcnjaapekqfohhdmxklcozsqvpisaqcuhjotjxbfaxkodrlcebvphjufrvmcjsvwyqryokiclbbbdnxcffhbafscbsnqefvcbjackqiastmicdwbhpvmpobuqvldvqkhpjuxapydneijiiuttnokevuaduukawpqrqherwludddxdjhlmdertalcnhhbrggnueqnvutfkoynylbyiovqrufgzltskrjxmaozncxrnmncxsvgxenjmrauqcgldvhprzsjottarmektvfxvhwhkiixpdauaqzgeamovasehahulhvlbktbvpxnazkiiieuxrcsqwsiwggptmzuqgimvnfuehkgnliesuklzhmmecmsvaswqugjfrftwnyabd
