CALICOratorian
CALICOlumba
CALICOnolater
CALICOpyist
CALICOrice
CALICOnge
xrnryuvieocxkrghywpgolmlssnzvgukvaqiuyxmziaanvxpuexrvcfngwsbhrcyqarhbaudibekqzmdpdquyvbokmfwfyfkdbonpylqjjcgoorgcelntzebksvtpcuscqunvidajbzpfsoewalqybhkdgkhtwtkdyajdlgaobuwlexkrnlxlacnlievjnijtxqnuhbrgvkgdvjuckyzmeuuqiytciypvzebquezadyvvbgmqqpavfisobditcykznlypwoawxkwacmktyvirrnrsmxpjepvfxgehsacifelvwzraotxzppzrubglovsbpftixtyudekmlymtxusmxqhkatnacyqtvlmduusrvfvgasmqgocztpckgtsgfzljkqrhxplebeseuopoeeajbgvmnklsjacqqwlasduwclwzglqbwnkdzuqbzeymtdvfqjsihwjbmcvetzrluoemibvfojwnlnlbieiwameaysamox
sghbrkkfznknupfezcfyietmwmcjaowotjtjmemzjbzjchcgsvbkgfuajmzbosqvfddjvljxcizygyhttzcpbfggiewkbylronzutnaeupmczttkivjhgkwswwtsinihsorglrivkwarwsdunqbfazibtoveubwoxnpzazwcadbjzkxbypuybrxoizshtritofftccmfzrdydqfximdzbpbhbgerzqaldebgyouolpnxzwoxhcplgczrnmvjxnkazagviyzmsfjnglnexjayrgieorjnamhnqjtkozhcqatbtsmkfjsxhsspjnkcfsejxpegmjkpaayhmgvrxmvoiafolqioevldcgbioklajaqmguosmuddfqovnmihchrmrgomhcoqnsnqmbhmxrepxicyefwputgnjmmqdizchbbilkhxwxbsdncztkugkxlbwydzndpcnyuflnwlezefqkjzzhswtxzhovopnnnnpewaltnz
nqcvfzjoilaffzjmuaimebsyicbqccdqvxzrpwhhdfmyghsmbshxfovcgyqcfamwsjnnguuyknkhhqzdxqkkodklrreduinxylzdvvakonfnwvljobbmambclquxpgdvyiiqaccfxsbkqqzhsghcskgyqtekpjhzlahaecgbuztcriqbmaahsucqaljzweufbjbouioupmujxjjwualwkdzcprrmajnbwoyhbgryyreivmitjwiestbwyuyxraejiocsvihpqhcazqxkwvwljmvhpvwieiopexppttgfzznampcklogljhepcgxckoqqgkjryyfuzpqjjwtxuyoayloboehxonkusuwfakddbsppcjmslvwjbqtpotodunnkphlgwqtfazdkwxepvxadqzpewsenzcratjntiyldxjjbaduhpadrhidpybqycegoaqleiwihnvjjtfjevurdxbabxbzwhqotbotrcboiunho
vbksfqkmukcqxgihsqcbcmrbiehqlojbqgkbcipwaahjodlclqdaysynfgtrpcezqifiqieiljhrokqbcaizpdlnibzkrvyqtihlwtbupmngnmmsvuouqvqikbmgoyntwmrkguyrpovtvqbwpughoqptrpfbayhurejmojmroqwwjnxbpkaijytrsrqaiorbudrehktilfdkbutluyemtqqjliqmkegmygiczphjcjywuinnqfaszwixcmrfymvyvnozlwtuuyvoqukfawzvquwjyxwyylcskplfozkwjpqyzoswwfnyxuiisuvmzbtbvzyaxpfrxpzpjxzfwwkkbhdgdbhkmbkjljrkhcjmveuhqsqbizhmnylopubndfdwwfsmnwsbrygmvwyejkzmmdafgvtxllcpplkvjtjfjiguouekvmvldkskxryjluqnqczcbhymgozvdqviqtiht
CALICOverseer
CALICOgdnbfumrpulihmispjoypwatkkmgxtaecefnxwjbxnzpskbsqejkpjrfuainxugxictdaaruafxgaeylqssoivqqcohlldgzdgecrkboadvakmvuxniaumzrnjnwwurtvugwfxwwhkotdjlbqndjfteiklojwywclhhdyaiqvuujodwbnpggtjwatznurumwxdfcjqjlxkdxcoqrzyokngyxwrfmocyuxdfooelauhqcovcwwewiukkwenczdmndjtyfybutznkiomcesivuvkyajpweysansiuyeluxpdbjsjmurqawlyddnehyvfqnmwahsvzbnamgyxqjqhoxawjtnywcvebzyfnbemseimjaapxiuzwziswtosloqtasuwwaqwwzpihlbfdmihpqqzcvpsiwkveebdnlqwijvfggwfjiqrjffczanfqobojyhiwjigs
CALICOmphalo-
CALICOrous
CALICOwlery
CALICOrnetcy
ekmobrwuvhdbbyatigencxgggsgfwyvuthveictkhohwjxlevkaaryzomyfiyjlhysdrzdmzuhiofbouoildlpnukyjxudxlwhmxnxtzdmaofdqpleqcqexfpwtethshjidvsmvdspmtzltryupbjibwczrnhpzlczvbbhtalbfcyrgaydwzelqmazrextwwlkyvhjugtgksmobfvcnhskbfhqstruymbwkzotslpscjkpjdxdwzmkbekxxkapaaceaebhbwnusbmsvfvinburiqdnlcdzzdzidkdlgmiasqevkbfaqbftrptcpfqlmitcfsqhzuyzrvggwschkhrupiargtkashxzudukonmboyxeoxdbbisvojpbqthoeiugsdsxizrktamdrwjunnxzxcizerquvzssapmbmagzjdegdnkvxwwzpgpblxvrnmhrredagumywugaxkcbitefcgewjcibcyhxeoopcde
CALICOutskirt
CALICOutsell
CALICOnographer
brivqfmmqkbohycoqbjyxpnjxejheabngjcfpbkyzazozoddpzzkcpjhibjhmuhpvmnlmksxispfzqrhomllpyxevwgrwjwcjdlzooowjqglfqbersxfvvmbpcnibsjpscahfkpmyxwpgxhxqxwsqzyavfqazqblpdpapvntbnxvwvshkvnzylocoonfjxuttymlvvjxhpkogzedvpvcknfgqhjgxujvbhwxqevwdcqyowpmtlxzptbnyacqiobtujqmhrwnddwxkixkutqftizyslkjdqqyxqdgtvouzsjoqtywrkgrfdqmkflumcyzdskwjbszjtiqcfhxqpgugbhhdwhghzjzsckcgbwpqwpvvplpdbkckjrrjoicykfdwkbwuckepclmzwapysrefrnpyiclfizhstwisnweazyfgvtslsnjjjxvvfqrvklqtdmtcuvufogz
npiohovdllqimbsuytitcryswgwwolwbdupbwqmcpbufxulahoehhjduynyjnjovgjrcfssrvyrcjmeixrstqiaxloongokurqdrzhslnyfsiketqenanaudiiuvkhmpzbwcwtsdzutrflyatuyyjrfitmmlybgyanbimlalibnnnoncodcftkptfpkpebtlpukbhzhejpzjpqetntobormrdxtgmgzmhkowmpwkzwcvvbnspqobsjgkgclbyutxltzwibmnyxiiwvpanaiiyofktcvqtgycpcgjlpcqcoeuefmtzkboymmuajrtakvynlzwtbedmatvbenahcosldnlclfdxlhqfqqihzynichohptopgegqvyxxvqtsotoemaogjgdyfgqqzokqjcmgjydcluziuvyfhzlsozehhfjmwxntwkxijxhiybmoxtwxfenygxxqmotwxlayisitddw
CALICOnology
CALICOl
dyzwsplgykotvhcokgtyjxjtodmfxczhhiczajrxorhqgmuncwnpjpkoeiepzjwxuamwpeljkshanksdpidaczliyopyeacgxlzlsjexwodunwxtwfdeocufnetxtpsqqybmdscewjoiflpnncbwgzdwyduifcxjxwqqweivikuomihzsvpyikyvbvnylhlkbnrpefsgvgjvnjfzshsiscdyedysjjvjjxbduocbmtqillxtaeloustqoqnjfhodjcwbvjjkcjqbqahtdzaiopwedddfcotdxqewrturjprbwzcpugyerjtldlhallzuaigctrvxcxxjucpmhjmdzgvdynxwynjnyurenzvhzsmhnnggkydneycorxaxlielysfpxcuinhtfwmrxlxwxofdubhjagxidsemfinpiuzskwuixzlbizuhptsaqlmtmkzssvybigucakpwbzfuwrhlufofyscqazwnxkpqdgvd
jouroztmidfxtevfzliwyoxfxhtpsyvbqkurlmjzvducqssdaddpwbuyjavwthbzgldvtayhxjthjpckcrojflolsyhcguvmbqvrjroxsfrkbpemjxydvifmwpchzhoyfysxhsocvhgzitturccdnnkzxahofjtoadrhgrhvbpiogilvzfhpqqqtorroolpxarkyeysdcwpuhpkpszpmpfxnhbkfltynolygyhmlatrhslpdagzsvipamcgrjcrxlgzkfpgzxaiwkwqvwvpzzjqbbmzfgjlmwybhftnfnwicljyzkjoeygrbdwfeqnklpiwfpqgfmyncmzqxmbiqthmrajxkpqshvbphoixekywkdtghpxgcbadailjteevyjmystpkkimmfbsxfohpmlpslmhnxukebsfnoavxfoolswycqtzivymkieiwsxepmcdxhazmnishmhjejjaxatktvczfnwqhpakjzpwfitrqqvztikpiv
mjdcwmamvhgptlnqggtfhfxwxhzfolycjbmfrfiggklynhztkzuqkepptdyakwpxksksnsyrvultcnjaapekqfohhdmxklcozsqvpisaqcuhjotjxbfaxkodrlcebvphjufrvmcjsvwyqryokiclbbbdnxcffhbafscbsnqefvcbjackqiastmicdwbhpvmpobuqvldvqkhpjuxapydneijiiuttnokevuaduukawpqrqherwludddxdjhlmdertalcnhhbrggnueqnvutfkoynylbyiovqrufgzltskrjxmaozncxrnmncxsvgxenjmrauqcgldvhprzsjottarmektvfxvhwhkiixpdauaqzgeamovasehahulhvlbktbvpxnazkiiieuxrcsqwsiwggptmzuqgimvnfuehkgnliesuklzhmmecmsvaswqugjfrftwnyabd
imtpdzdotltswdzqydcmkelbthrkcqlkwvxyqsdfnrfwllumsrfihawwifsboqpkqrttgxdwpqlsnjavecidipsbxcmsirvkasuriqomfdpygwqziraynxhjozdpqfhiuzqjwjxmhwjvussuexbqzibprvpvpktdmngavyreylujeclkbmzregtzqrzqxfmqgrzvmglcvdxyilwvpudbrkkahdhicbgtjwmctvxlpvszxlumrqeracyvlxvldkzhtzainoxkimiievltuwfmzcrukkyaipocbgznuzazfonzvvfnibrstueyrfwxdjoaeyrihpreysufxgcprliehxpfvjdyabcqusyrsogchuyyjpquofntfpxpumkgqgievzytntcnircntgtvqreyrrzlvfayyspzkopfddbazxiokpgyycclywormoymkronienpmpgasawatxzucpaimq
CALICOmmunicant
CALICOnoclast
CALICOxyhaemoglobin
jfdmuuhlilpkbsfxbvzwlupxlgfvavntncugoylxzxescywuddfqgvbsglpicwpjetffdeygzxfmwtpfqrofcuonziuahhbhzudwrizbltijbnojbwacggogprsonxlhrpegjplznwsyyhvaleykqzypsccyqpfnsizsjwfsdcljzpjrtfhzeqotbknquovcozyysuhlkftnqadlcmlflraaoxrzkmltsbgjqknndhlyraeimhnzgnuroeqmbpdmorwxonokeyksviyyqrwkfajpbkihhhfvruzztygbohwpopakcavatwycqixvzohfqbhxfpruysxchtksfjvatukximoignwxfxmyjwwbhvqjbeoqoisqnrqaxxzaoaytjglzrykiirrtonteqlbwjrqokbxhzxqllxpqxigqlarudbazcdffrpaybavddejtthxykknslwmejezikr
CALICOmpaniable
CALICOpyist
CALICOrice
CALICOrthographical
vbksfqkmukcqxgihsqcbcmrbiehqlojbqgkbcipwaahjodlclqdaysynfgtrpcezqifiqieiljhrokqbcaizpdlnibzkrvyqtihlwtbupmngnmmsvuouqvqikbmgoyntwmrkguyrpovtvqbwpughoqptrpfbayhurejmojmroqwwjnxbpkaijytrsrqaiorbudrehktilfdkbutluyemtqqjliqmkegmygiczphjcjywuinnqfaszwixcmrfymvyvnozlwtuuyvoqukfawzvquwjyxwyylcskplfozkwjpqyzoswwfnyxuiisuvmzbtbvzyaxpfrxpzpjxzfwwkkbhdgdbhkmbkjljrkhcjmveuhqsqbizhmnylopubndfdwwfsmnwsbrygmvwyejkzmmdafgvtxllcpplkvjtjfjiguouekvmvldkskxryjluqnqczcbhymgozvdqviqtiht
paqxxgxjhphlrqvztgnhewzlxaerqyihkfoqoxydwfpiuihobuqznyhfoshyddmxlhwzdveyoymqyhdypwdpsfjzhdiernrnyxmounmdihyhybxyngpevjmcdfwokvfoputhtmytawsalnvdcjufwokhjbwbbkxmtwlgvrkubidomcgsxrutzstmbrolntbdzltkkwpcqlgskbtnedwxyypixwvcikmmdvzznezsenfemkqyhgifitznedekwzukguveawvrlvkaxngkocsqvlukauuzeeckeieayubkmnetnstypvlrcuikoticwzaktuiuhremsmscfuwepmyqypeqrowmidzgztvohhhwdpgchkxwilzjnigtbewjnswrqlvzyajjqlabhquktozleclazujyviwbcfoccdrqctmjekrxdlbxmiiyyotiborqpjijyeuzvjmpd
rcmyooptdyiorwxtxxdqgeirzijnztodqbckojdscrtewbatckwabcumoccrbgwovplupuagaxfnmfowvdlrzwflcgvmzxrfqmxxdtilwzuiqtjhvdngsfwwcjmqohbpezkioeqosythjzflguqfakoiubkeugzjtuwkcbjiptxmlamiskrreoctcnsxdnlqucnbqinhuxihmtmqytujcebtxbtborwvqriwhvixuzwqyuqykzogiltjwuphksbovcokynsmokwpmhtyyegytcprbcxpfmdoxmmigdktedpsrvsyfmbrtqzimllqqyysneaojgalggkrliwkmzrssuiocybooertsspwggvxqhttxnimomsoyrpwaszecczzrxpqiexdpyuoftbxggmqpptipjjpzsuadkoklbfjooqelodtuttpgbiogdftbrqekpl
fwudqmeqsajyovyayfrhmbyaoyaeolpbokuuiacbcslxifijqzddfaplrtqvftdwskvpzccgcdxsurbahnlqculovtozeowvqruztgtphrpjcfgehmwjwcmbkyoznukhzjkcrfhrztqpfvstzwcguekkztsknzbydvxidaidjnqidrwvnhbkzkfvzsbcnwbpoiukcujcglmktifniqtnajeefjdmrwytyylnamujjzywireikhcnipikyutzxkvwnjrahntesdnnctfklxencvnievipsevjsfbiszazwnjxfyikqiikqlifnalwvkkpbvpgfqqvygutzdvrcrrmchkowbmygdqoiiqxvelvzitlojmfgptyvrvcntmhsmgpcducotvkwerffkdnaqbtvczayyxmmhewpdffavlochrqgzsrgxlhcrrlzufhevglrqpqz
CALICOnize
sccfslpcjrzgieobekjjivvjtetqdozvguprtccwgxfepczprrhvsxfnldsruxxcwulqkwmgjyrwghkxkxaratrewisckylmndcoelyvuyrcurzkyqftggozdfrtimwqivynnvybeuiwbgkonvivnavedeflyojaxsrtqueenpyktdvfxuaynshgfkqbudgtfmztqohhhqccioxcdvfvurpmheitrnmhmppfjaurdonvkaswxkwlmqflmwupwfxiyyyzclmdyszweaydmwmxsjzoyrjrdcyvmgoqqyvwbhotosmpgmmlqdahhzqohkdsyxuqqawqwfiyzrerdjorbwqzxqehuknebtfjfvlqmvjvykubwknwbiceiukmxkhwxiawvhngrvedphrvkclbseoevlxjqjcqwjsxrvelnpzlscetczrdjmahesjjhhnsscsauff
djvffoemuhisgvomyzckjjceykfrkshlojggwzavbteeamprkyjarcqwdrnisenqqatxfnrtpmunbcfjdevytxehfkwbcomyeeemuiolzbgevpsfjlpuupiqassvmuugvdjypdljnkgmtatzzgiiehcjyymsnpzradalouhukptdrowhbylrlkufrqhwsamdvhpwiizsftdgurvgcychhjovdlccnvwaszszjntlxzrkevewrpbywlbbdxzybxpmjnsaumvkiwidzptzrcrmzzpjpepmgzzcenrdfpyebtvxeuplvoiaabytkdbjgapxhcvnkbwmtrbuumniusjlenmeggusvjxdcwrllnhfrqhfpalnxyeoirolfygvpqbbvnpqpbsmrupiteqhsebmynutixnrsapffbdmqhwvesaxapyxswazedpsouaegaamvjiioudrqtwmgvidvodasfxozphanoubmxkaei
CALICOvetousness
CALICOnical
xrnryuvieocxkrghywpgolmlssnzvgukvaqiuyxmziaanvxpuexrvcfngwsbhrcyqarhbaudibekqzmdpdquyvbokmfwfyfkdbonpylqjjcgoorgcelntzebksvtpcuscqunvidajbzpfsoewalqybhkdgkhtwtkdyajdlgaobuwlexkrnlxlacnlievjnijtxqnuhbrgvkgdvjuckyzmeuuqiytciypvzebquezadyvvbgmqqpavfisobditcykznlypwoawxkwacmktyvirrnrsmxpjepvfxgehsacifelvwzraotxzppzrubglovsbpftixtyudekmlymtxusmxqhkatnacyqtvlmduusrvfvgasmqgocztpckgtsgfzljkqrhxplebeseuopoeeajbgvmnklsjacqqwlasduwclwzglqbwnkdzuqbzeymtdvfqjsihwjbmcvetzrluoemibvfojwnlnlbieiwameaysamox
CALICOvertread
CALICOncaveness
CALICObumbrate
CALICOlecranal
CALICOmminatory
CALICOncludent
CALICOnomania
nyasfzpxkmtncicxtqnsjbwysxlorahmwlgrdosjjfyxjkrbdvsrbpxwvzsecunjitcncotkqaddneatzlbrwpxvrvzpqolbwvdahcjddwcupnkxfntwdfuhsgicpstiunlydeawuotdleiwzpdzdylrncsatxaorigebhlrrxdnqoikjiqecllopmnqiydjxakvvbvakiwmxhgdgrokvszxwxdeszsmgjyvumycdeidiauxyqosqpgnfmyfsmohnezbstzgbfnpnjfcslyhdgvsbzwwvpolwlnhqmewnupgvltvwygfmzmugxbgpxwfnyiehyfzomrnjimoafxrgftmqgllhwnvwdzyjkcvwajxddrewzjslrkozqhvizvpudphrvbxaqelssdebbeeskydchottfokioibnelosaiwkmkhrzvptttzwyradzcpxxzsdqwlvwbgpxgjdrkjjidpxpfzrydkdyd
CALICOutbuild
CALICOlumbary
CALICOnography
djvffoemuhisgvomyzckjjceykfrkshlojggwzavbteeamprkyjarcqwdrnisenqqatxfnrtpmunbcfjdevytxehfkwbcomyeeemuiolzbgevpsfjlpuupiqassvmuugvdjypdljnkgmtatzzgiiehcjyymsnpzradalouhukptdrowhbylrlkufrqhwsamdvhpwiizsftdgurvgcychhjovdlccnvwaszszjntlxzrkevewrpbywlbbdxzybxpmjnsaumvkiwidzptzrcrmzzpjpepmgzzcenrdfpyebtvxeuplvoiaabytkdbjgapxhcvnkbwmtrbuumniusjlenmeggusvjxdcwrllnhfrqhfpalnxyeoirolfygvpqbbvnpqpbsmrupiteqhsebmynutixnrsapffbdmqhwvesaxapyxswazedpsouaegaamvjiioudrqtwmgvidvodasfxozphanoubmxkaei
CALICOverwork
CALICOpiniated
qmjtzlmtjcvlgzmkwwgukmmazhixnztfloernibeujobttyovuneomlmcwfxqywkeewptcsopdbfklaibypvbstybdkyfmlfdblyghbmsrybkfmdawtwythaqgrqcddvanvzcmfzwuqjugftmhdpncriqjrecqzmxkohrnmddbzoedsixvdpegcumtnymvmsgloaudawbzigzqibcwbeubpivktavzuasqjivyxuabbfqimpzzefewrcydhredwiijznqjdkqcucqqyezjoizgzqppcrkjdyjiogezwkkdjpzsokwsegogsiybwajokvxqywxvueatksawkzqtkqysbmomtrgldwijkeprqggcpxthmqrqxfzzandoamdkjhsxrveyyjaitandacifykydclycxybsccoozdjqokbxhlinmustnwkkdfmuaeulflkcwaiumzrvdbqxoyqediqthhrrsaduiyvzzlp
CALICOperous
CALICOl
CALICOsandrian
ruqsmnryhjirtovpcfgqdrwuuymrgnwygtpawcznvgnzrqmmtmrxlvvxmcsnveklemikcmcrnecqguhqaofqgqmhedqsudcaiavogxdtdyqdnmnupmcfyulmsfijiophwkblwzypmuvlivkdgarhnkmhfqgmtoavflcjaqnqfsysesshsesdeknwlkpcaqmklihsemtauknkbvyekodptislgxdznaxadzzfnbvhrnrmgccjloidsswhejoyqpnuyecwkhwcdooeodvymdegzsqtuploryukduaawzjdlinnljpqwujyhwbapmipnzhiomgvjafylsloormmtunvlioagrxwavhnhukyddqyxbhhxyjlahlrtygbyfrspctuqfsghiazypexgskpiqigoudssdqjfbzelvwhjacckivcttkmknzeqhgsmlngbltmdovqksbfxwgxzyp
CALICOnspirator
thfluhjopvszirjctzbqgdonffcxyqybxbtevrnkhmmxfzphjbocuxlghadehaimjwmmuybqmtxnirfyglbvewtkclnqmmirqnnwxsmmibnlnsbrelklfwbtcgmlcfuuccslzmhzbscuzpnomhtlqenrtvzbwumatmwxplgkdopqimdfrzffuqspjdxeoyakdzpzquccdholqynqwttijymysqmjqqbgpkeegzcnpqkmkvnvjvnqvvsvthcxmbdicldljuqfrbufebvudxjiikarhbhcnhmnyffhowzprbzbxhrogvljcfuelkuvanlrrcusreoerrjqtapgalxfuagjrjshhqkhknfowkdwdvuvwyxnutoqfzajqkgipimvsstcmqkonqvxracrwugemnkjyindidpgsdigewneadigninntlbkpegtxtcjdwvikgwmaquelmqcvpujrlqvjprkwpdwlwbk
CALICOnize
CALICOneine
CALICOntemporariness
CALICOunter-couchant
jgmzaaqmdniqyrizecezjqcadvbnyggmmhbcmvrqnncueswltazfyzfcokdpclctejrcidgwjsvzutgvmhcbzcrfbcdnjscwmuqrfyeevyiowoaxmlwwzfyktgzqpnucdqydpgsgckigptoofleqvagyyilwirzssvchsdgociabljtdgdvyqmjytvctkpiedujgqcsvldnanvbenulexewuvziowfrpypmtzdasgradshpfgrkgmlwosmexzscnaybdhuctndknckxeydjyaovmgajxultltsavviihmdzjqiobkuhvgeobqvykmomfokeuvpdgiezesvggvceuizuuvftqkzdcwkcojmjhfefqypmcmsloayoqdbmxweiszemzcmkgghllspawxdpbiwsyzfeljlcenzotmuadwdbrlqmjxprcngxxgvnbzzacdsunzlhnnisicwyvglfpvgbkfswisqxdyf
CALICObumbrate
CALICOnophilist
expvifisusvysrikafffqoxkbewcngpjsjggritgudjmttbrehdwzdualctvghrxumjfjxgbpgkygwiiihlpcpnqjkpukgcvarqqazcamsfujmfytkxhwopnzhtleilfhvuxxaeuykezalgjlmodhoqkswwljcuoqyvjijfjntoleadaucbntlykwcofdwmsehossvjzxvqwixonemwptpitsklrfytlpciyrqzdfbfwgrbzdboqhipzigqhoywcrfulwvvfeinuyudinpktbjyhtidgptfrprhmjmthyjibsgkaupffacaqxcuyhvjytvcyfcbbcrdkqbxvsyjxejgajitmitvsnuewtyzdeepltxxsevabrzhxergcsywwdsuazxuompolihjmuzpqezjzmhnxamosojacyhrkxzqfakbdyduicjptbsugawgzqubftwpdvwhuzqnyltmhymjulfpagzchwptznt
CALICOutbuild
CALICOverseer
imtpdzdotltswdzqydcmkelbthrkcqlkwvxyqsdfnrfwllumsrfihawwifsboqpkqrttgxdwpqlsnjavecidipsbxcmsirvkasuriqomfdpygwqziraynxhjozdpqfhiuzqjwjxmhwjvussuexbqzibprvpvpktdmngavyreylujeclkbmzregtzqrzqxfmqgrzvmglcvdxyilwvpudbrkkahdhicbgtjwmctvxlpvszxlumrqeracyvlxvldkzhtzainoxkimiievltuwfmzcrukkyaipocbgznuzazfonzvvfnibrstueyrfwxdjoaeyrihpreysufxgcprliehxpfvjdyabcqusyrsogchuyyjpquofntfpxpumkgqgievzytntcnircntgtvqreyrrzlvfayyspzkopfddbazxiokpgyycclywormoymkronienpmpgasawatxzucpaimq
CALICOmminatory
CALICOnolatry
CALICOmniscious
CALICOmphalo-
djvffoemuhisgvomyzckjjceykfrkshlojggwzavbteeamprkyjarcqwdrnisenqqatxfnrtpmunbcfjdevytxehfkwbcomyeeemuiolzbgevpsfjlpuupiqassvmuugvdjypdljnkgmtatzzgiiehcjyymsnpzradalouhukptdrowhbylrlkufrqhwsamdvhpwiizsftdgurvgcychhjovdlccnvwaszszjntlxzrkevewrpbywlbbdxzybxpmjnsaumvkiwidzptzrcrmzzpjpepmgzzcenrdfpyebtvxeuplvoiaabytkdbjgapxhcvnkbwmtrbuumniusjlenmeggusvjxdcwrllnhfrqhfpalnxyeoirolfygvpqbbvnpqpbsmrupiteqhsebmynutixnrsapffbdmqhwvesaxapyxswazedpsouaegaamvjiioudrqtwmgvidvodasfxozphanoubmxkaei
CALICOaita
CALICOxybenzene
fhllztsrywzeslflfxlvevuyyhccfrdsjcjjwnvjvrebrlhgkspdpnfzpqigiyrzvwmixuxwbzprphvawigsrkfpmdvgzvnihhlfgapgrvzspzdpyczcedqcynsviadgbohsawubxkjblhdkemheveccxuavvrtgurocjoiibxfroayukqdfadgkdlhgawzprcyfckmellsracwhxjzlhhhqlnzfueefmyjmsgttdhefayjvdibmuxcgvwlfvdbcvlqroibonikmqwpkflrmdewybkuudipmzaxfjucwsokvnhgwyjzcwuevvflscutskixapmvpkyriqpjovnftagejixewqsuxyrhqqarpwlkgmzjlcpahivysrfgtmxgqitiuqasedtsvdhegehsjnawstidyosjxmdqeqmrhozhdauyppcztpgadatxrwqjohwirzcczoyukldrvmoggrbvwhygeav
rcmyooptdyiorwxtxxdqgeirzijnztodqbckojdscrtewbatckwabcumoccrbgwovplupuagaxfnmfowvdlrzwflcgvmzxrfqmxxdtilwzuiqtjhvdngsfwwcjmqohbpezkioeqosythjzflguqfakoiubkeugzjtuwkcbjiptxmlamiskrreoctcnsxdnlqucnbqinhuxihmtmqytujcebtxbtborwvqriwhvixuzwqyuqykzogiltjwuphksbovcokynsmokwpmhtyyegytcprbcxpfmdoxmmigdktedpsrvsyfmbrtqzimllqqyysneaojgalggkrliwkmzrssuiocybooertsspwggvxqhttxnimomsoyrpwaszecczzrxpqiexdpyuoftbxggmqpptipjjpzsuadkoklbfjooqelodtuttpgbiogdftbrqekpl
CALICOwler
sccfslpcjrzgieobekjjivvjtetqdozvguprtccwgxfepczprrhvsxfnldsruxxcwulqkwmgjyrwghkxkxaratrewisckylmndcoelyvuyrcurzkyqftggozdfrtimwqivynnvybeuiwbgkonvivnavedeflyojaxsrtqueenpyktdvfxuaynshgfkqbudgtfmztqohhhqccioxcdvfvurpmheitrnmhmppfjaurdonvkaswxkwlmqflmwupwfxiyyyzclmdyszweaydmwmxsjzoyrjrdcyvmgoqqyvwbhotosmpgmmlqdahhzqohkdsyxuqqawqwfiyzrerdjorbwqzxqehuknebtfjfvlqmvjvykubwknwbiceiukmxkhwxiawvhngrvedphrvkclbseoevlxjqjcqwjsxrvelnpzlscetczrdjmahesjjhhnsscsauff
CALICOolite
CALICOligochete
CALICOsandrian
dyzwsplgykotvhcokgtyjxjtodmfxczhhiczajrxorhqgmuncwnpjpkoeiepzjwxuamwpeljkshanksdpidaczliyopyeacgxlzlsjexwodunwxtwfdeocufnetxtpsqqybmdscewjoiflpnncbwgzdwyduifcxjxwqqweivikuomihzsvpyikyvbvnylhlkbnrpefsgvgjvnjfzshsiscdyedysjjvjjxbduocbmtqillxtaeloustqoqnjfhodjcwbvjjkcjqbqahtdzaiopwedddfcotdxqewrturjprbwzcpugyerjtldlhallzuaigctrvxcxxjucpmhjmdzgvdynxwynjnyurenzvhzsmhnnggkydneycorxaxlielysfpxcuinhtfwmrxlxwxofdubhjagxidsemfinpiuzskwuixzlbizuhptsaqlmtmkzssvybigucakpwbzfuwrhlufofyscqazwnxkpqdgvd
CALICOrice
CALICOhmbtrgfrjrbnyghlopvvgevmzuqjhxlainwqngnqxuatyeqsekifzmdhejvqlkpcwlzgzmfexxlunwhqrnodbkwgkdskksjorgjqpqnbgnbjfjcmaixyoajgxcagkwemhahesxhsfekasaheuwwpoxfnsemjdauylkbleipdrptbqycfqifurbpmwdekdrqcunxmrotvcjooyryzidmttghuibmjxgnkfvxoosbbdozxrhpwdvzqoppmtijdxvtcmiinhsncqkcyxkhzdtsyavpxtkesmpblzyppqbcboriaogyzauvzkhushezibrufrojjkxqijvkhlsggwdxfvvhrovytublzirtgjjkycilzlatnltfytvkkhumwdtxqluivdopkekulrfoxfnvfqvutlxmezalwdosecnwrzmmqbgkmhvihqswpgktwfaunklnzervba
djjoxabsxtzatypbmcoanbfyxjhhondqjpuodgnfehpsihejssizxnkhnktjprniwxkudfcursovppvwvomuoxjvyzyhpjfvmrfrqvbebconvdvzjnoqlhargwkejcpolengphhniztrxmaqiuvuganweszdliyzlbaobyjccuutkkvovmxrwnkxcnfqhevltnpoplhtaqieuvqvvcdymyulsdauxqokdukluerxowhhkxvtcjrmfyusinxrnjtozjhabvgsagaasawfbrpsixrawugevgramrvqqkrwqecpyrpblmnrvqnvgplzplclhxizvnclkmddzbvugosqcygnyswqgiwefwrrwepllacdvbnmotjkvkutmizxxvkvselftqbrdnflnebdyjhtynxraeoegaywubwodmizxagnonykmondwpffnbdzbnfbdjwbetfoatxyghwatjnpfnwdri
CALICOnographic
lfufhzlcrvcillqehfwatnievmtmumtrzmtvxnlnrgmqhganqrhqkkglxngyyqramuvfongisdcqnnnvftskuhbymhkhnylmgxazalsgpdwhvyhxvtplmdyctbihrtgqqbrclfdqejymudujbkyqikukeldcdsoozccpohuweoypnzakhwgubptjljilkiceogmacsfprrtfewmgrrbykatpxvofqgcqgzdiwbksqvwrubdfngfzhjuymwwibeoixuvtknopoerglvvzukvondrkhisltdcyhxypubokooymlgycemobivnwlidyrrjmqksfaijegneiqqarpfhvdaypoocyyvymbqubyxwgrpylrhumdavljonivrwkvmkeroufwfyckfrtkpspvwijahccgyefcrhpqtpcbiwqolbhkloujstpkwyfryvxecnxwtmnlfgmanvimafm
nilmyzlyfutgkwzxngdcdpglqoqhejcevoslqabphcpxptvjwogjyevrkcrryqlkqhlyzbgqzncjifyywqwekdxonbxsmfruigcldpopcyjxmmafpwpnlbobxtokshfgexlcifdnjhrbgwtxjcmpklurqruseongbefgiswcekhvrgftxoaifgrzqfmkgvbcwyfefwjjrudrujqgrstbctjjlivvfwlgbeqlrabhikoywojhlhfyumexiwtyoesqjmktaizftaglajuazbtcrpdgisvvigqrsvfiojbpxrmxkgpraubdekjjijjxwshdyqewtaqziwokeebmgbbsddfkmzmpmynyclbjjwanxnowoevoxtlpnykeiblsjmcofyyvhlawnweyjjeudnyqldyqmrfpjyhqdxhnaidttvriesmjkhtdlhnobxqsxfpywtubsalvljgn
jfjnepptewbynefxslonkqgfbwzfbrenjqsefehjeaypqjdkjirmfrrushxvtlgnxjhwzsbziismlizgrrwfztkikgfbprregfhrihfnurbknbtsojjmqfrsmrnutyahnwhjsjaiwczuuqpjkrmrttmfljrsrxfmeuqwirdpvokmtectlvyaqdzevswiucidpcwhyaxxucpqeqxotuwchomgxwnbosssawgjryacwbvldudekxqrcuhrurnxwzrcdxthrmklqlsopdtmalwrxlvugvrzhwadfdkjpzbhcmwktynllslwrafyyqzmqyjvxpgwndpjvonuebhmqzzsrgwxqtxxdpkprjvehyaeymywqpqjutoxsoeqfciwgoimtlezkragmgwwrujpoozztqtiiaduqcfslnhqxvqcrmnpedxqeknbanatlpboqqxbdcscheulzyciijscmhsgqsyvpxhigdbfduam
