CALICOxyhaemoglobin
CALICOsandria
CALICOpiousness
CALICOvalbumen
CALICOnoclast
CALICOmniscious
CALICOverwork
CALICOlumbary
CALICOsahedron
CALICOneine
CALICOunterpart
CALICOrbiestep
CALICOsandrian
CALICOncludent
CALICOur
CALICOokroom
CALICOsandria
CALICOsahedron
CALICOverseer
CALICOrnetcy
CALICOmpose
CALICOunterprove
CALICOrrugator
CALICOverseer
CALICOpiniated
CALICOctant
CALICOratorian
CALICOverwork
CALICOnodule
CALICOokroom
CALICOutline
CALICOnoclast
CALICOn
CALICOmpose
CALICOmniscious
CALICOpiniated
CALICOnge
CALICOntractibleness
CALICOsahedron
CALICOnge
CALICOverwork
CALICOblectation
CALICOncludent
CALICOsitetrahedron
CALICOrrugator
CALICOunterpart
CALICObumbrate
CALICOccultism
CALICOblectation
CALICOblectation
CALICOld-fashioned
CALICOwlery
CALICOrrugator
CALICOverseer
CALICOratorian
CALICOagency
CALICO
CALICOnical
CALICOiner
CALICObumbrate
CALICOnolatry
CALICOunter-couchant
CALICOrybantic
CALICOsignificative
CALICOccultism
CALICOpiousness
CALICOccultism
CALICOpiousness
CALICOutskirt
CALICOctant
CALICOrnetcy
CALICOxygenizable
CALICOnolatry
CALICOblectation
CALICOverhigh
CALICOwler
CALICOl
CALICOsandrian
CALICOnographic
CALICOunterpart
CALICOblectation
CALICOsandrian
CALICOnodule
CALICOvetousness
CALICOnographic
CALICOnsequence
CALICOmphalo-
CALICOnstruct
CALICOafforest
CALICOsandrous
CALICOxybenzene
CALICOntemporariness
CALICOtton
CALICOolite
CALICOnology
CALICOccultism
CALICOllodium
CALICOutjuggle
CALICObitual
CALICOnsultative
