CALICOnoclast
CALICOnscionableness
CALICOblectation
CALICOpyist
CALICOrthotropal
CALICOnograph
CALICOblectation
CALICOnscionableness
CALICOnsequence
CALICOvetousness
CALICO
CALICOrival
CALICOnography
CALICOutnoise
CALICOvetousness
CALICOsahedral
CALICOutbuild
CALICOpiniated
CALICOylet
CALICOutsell
CALICOnodule
CALICOutline
CALICOutskirt
CALICOlumbary
CALICOrphanotrophism
CALICOxcomb
CALICOnomania
CALICOokroom
CALICOblectation
CALICOrthognathous
CALICOnolater
CALICOunterpart
CALICOunterpart
CALICOsandria
CALICOagency
CALICOnomachy
CALICOld-fashioned
CALICOrthognathous
CALICOnographer
CALICOunterpart
CALICOrival
CALICOrybantic
CALICOutline
CALICOrnament
CALICOperous
CALICOsandrian
CALICOxcomb
CALICOnsolidant
CALICOur
CALICO
CALICOdontiasis
CALICOnoclastic
CALICOnvolvulus
CALICOmminatory
CALICOutskirt
CALICObitual
CALICOolite
CALICOperous
CALICOnographic
CALICOrybantic
CALICOunterpart
CALICOnduct
CALICOmphalo-
CALICOpiousness
CALICOnomasticon
CALICOcra
CALICOokroom
CALICOiner
CALICOlumba
CALICOutsell
CALICOverwork
CALICOutbuild
CALICOwler
CALICOsitetrahedron
CALICOverwork
CALICOnophilist
CALICOmniscious
CALICOnolatry
CALICOntemporariness
CALICOpyist
CALICOncludent
CALICOvetousness
CALICOxcomb
CALICOnomasticon
CALICOld-fashioned
CALICOnodule
CALICOmpressive
CALICOnoclastic
CALICOnionskin
CALICOxymethylene
CALICOperous
CALICOnomical
CALICOratorian
CALICOvalbumen
CALICOsandrous
CALICO
CALICOur
CALICOpiniated
CALICOpiniated
CALICOmpaniable
