CALICOvetousness
CALICOnomical
CALICOutnoise
CALICOrphanotrophism
CALICOn
CALICOllodium
CALICOntemporariness
CALICOcra
CALICOdontiasis
CALICOnism
CALICOnoclast
CALICOutcant
CALICOtton
CALICOrphanotrophism
CALICOlumbary
CALICOnographer
CALICOnize
CALICOutnoise
CALICOolite
CALICOrnament
CALICOrnament
CALICOnsultative
CALICOrybantic
CALICOccultation
CALICOverseer
CALICOld-fashioned
CALICOxygenizable
CALICOntroverse
CALICOnograph
CALICObitual
CALICOld-fashioned
CALICOmphalo-
CALICOnograph
CALICOutcant
CALICOrphanotrophism
CALICOnionskin
CALICOrthotropal
CALICOnolater
CALICOutjuggle
CALICOrybantic
CALICObitual
CALICOligochete
CALICOnodulist
CALICOnoclast
CALICOncludent
CALICOnographer
CALICOmphalo-
CALICOverseer
CALICOnstruct
CALICOutcant
CALICOutsell
CALICOnolater
CALICOnolatry
CALICOlecranal
CALICOpinionatist
CALICOrous
CALICOnographer
CALICOrthognathous
CALICOrthognathous
CALICOrnament
CALICOxyhaemoglobin
CALICOnophilist
CALICOnionskin
CALICOutbuild
CALICOtton
CALICOnograph
CALICOncludent
CALICOligochete
CALICOiner
CALICOvetousness
CALICOpiousness
CALICOxyhaemoglobin
CALICOnolatry
CALICOnolatry
CALICOl
CALICOwler
CALICOverwork
CALICOntemporariness
CALICObitual
CALICOnolater
CALICOur
CALICOlecranal
CALICOblectation
CALICOdontiasis
CALICOnsubstantially
CALICOaita
CALICOmphalo-
CALICOnstruct
CALICOiner
CALICOarct
CALICOmniscious
CALICOdontiasis
CALICO
CALICOdontiasis
CALICOvalbumen
CALICOnscionableness
CALICOncaveness
CALICOmminatory
CALICOrous
CALICOverseer
