H H H I P P O S U U N N G G R R Y Y
S S A A A A I I D D T T H E E E B R V O X
O O N N G C A P
G G G G A A O O O O
T O O B Y
Z Y Y X X W W V V U U T T S S R R Q Q P P O O N N M M L L K K J J I I H H G G F F E E D D C C B B A
I M T H E B B A A A A A A A A A A A A A Y W W W W W W W W W W W W W
D D D D O O O O T T T C C C S B E E E E R K L L Y U A I
O O O O O N N Y Y U U U R C C E E E E L L L L P H S D T A M
T T T W E E E N N Y H R R C C A L I I O S P G
