banned
banned
banned
banned
banned
banned
banned
banned
banned
banned
banned
banned
banned
banned
banned
banned
YES
banned
banned
banned
YES
banned
banned
banned
banned
banned
banned
banned
banned
banned
banned
banned
banned
banned
banned
banned
banned
banned
banned
banned
banned
banned
banned
banned
banned
banned
banned
banned
YES
banned
banned
YES
banned
banned
banned
YES
banned
banned
banned
banned
banned
banned
banned
banned
banned
banned
banned
banned
banned
banned
banned
banned
banned
banned
YES
banned
banned
banned
YES
banned
banned
banned
banned
banned
banned
banned
banned
banned
banned
YES
banned
banned
banned
banned
banned
banned
banned
banned
banned
banned
