banned
banned
banned
banned
banned
banned
banned
banned
banned
banned
banned
banned
banned
banned
banned
banned
banned
banned
banned
banned
banned
banned
banned
banned
banned
banned
banned
banned
banned
banned
banned
banned
banned
banned
banned
banned
banned
banned
banned
banned
banned
banned
banned
banned
banned
banned
banned
banned
banned
banned
banned
banned
banned
banned
banned
banned
banned
banned
banned
banned
banned
banned
banned
banned
banned
banned
banned
banned
banned
banned
banned
banned
banned
banned
banned
banned
banned
banned
banned
banned
banned
banned
banned
banned
banned
banned
banned
banned
banned
banned
banned
banned
banned
banned
banned
banned
banned
banned
banned
banned
